Archive member included to satisfy reference by file (symbol)

../Libraries/libstm32.a(system_stm32f4xx.o)
                              ../Libraries/CMSIS/Device/ST/STM32F4xx/Source/Templates/gcc_ride7/startup_stm32f4xx.o (SystemInit)
../Libraries/libstm32.a(stm32f4xx_gpio.o)
                              build/general.o (GPIO_Init)
../Libraries/libstm32.a(stm32f4xx_dma.o)
                              build/usart.o (DMA_DeInit)
../Libraries/libstm32.a(stm32f4xx_rcc.o)
                              build/config_clock_flash.o (RCC_DeInit)
../Libraries/libstm32.a(stm32f4xx_flash.o)
                              build/config_clock_flash.o (FLASH_SetLatency)
../Libraries/libstm32.a(misc.o)
                              build/adc.o (NVIC_Init)
../Libraries/libstm32.a(stm32f4xx_usart.o)
                              build/usart.o (USART_Init)
../Libraries/libstm32.a(stm32f4xx_adc.o)
                              build/adc.o (ADC_Init)
../Libraries/libstm32.a(stm32f4xx_tim.o)
                              build/config_PWM.o (TIM_TimeBaseInit)
/usr/lib/gcc/arm-none-eabi/4.9.3/armv7e-m/libgcc.a(_arm_addsubdf3.o)
                              build/module_test.o (__aeabi_f2d)
/usr/lib/gcc/arm-none-eabi/4.9.3/armv7e-m/libgcc.a(_arm_truncdfsf2.o)
                              build/prm_interface.o (__aeabi_d2f)
/usr/lib/gcc/arm-none-eabi/4.9.3/armv7e-m/libgcc.a(_arm_addsubsf3.o)
                              build/adc.o (__aeabi_ul2f)
/usr/lib/gcc/arm-none-eabi/4.9.3/armv7e-m/libgcc.a(_aeabi_uldivmod.o)
                              build/config_time.o (__aeabi_uldivmod)
/usr/lib/gcc/arm-none-eabi/4.9.3/armv7e-m/libgcc.a(_fixunssfdi.o)
                              build/config_time.o (__aeabi_f2ulz)
/usr/lib/gcc/arm-none-eabi/4.9.3/armv7e-m/libgcc.a(bpabi.o)
                              /usr/lib/gcc/arm-none-eabi/4.9.3/armv7e-m/libgcc.a(_aeabi_uldivmod.o) (__gnu_uldivmod_helper)
/usr/lib/gcc/arm-none-eabi/4.9.3/armv7e-m/libgcc.a(_dvmd_tls.o)
                              /usr/lib/gcc/arm-none-eabi/4.9.3/armv7e-m/libgcc.a(_aeabi_uldivmod.o) (__aeabi_ldiv0)
/usr/lib/gcc/arm-none-eabi/4.9.3/armv7e-m/libgcc.a(_arm_muldivdf3.o)
                              /usr/lib/gcc/arm-none-eabi/4.9.3/armv7e-m/libgcc.a(_fixunssfdi.o) (__aeabi_dmul)
/usr/lib/gcc/arm-none-eabi/4.9.3/armv7e-m/libgcc.a(_arm_fixunsdfsi.o)
                              /usr/lib/gcc/arm-none-eabi/4.9.3/armv7e-m/libgcc.a(_fixunssfdi.o) (__aeabi_d2uiz)
/usr/lib/gcc/arm-none-eabi/4.9.3/armv7e-m/libgcc.a(_divdi3.o)
                              /usr/lib/gcc/arm-none-eabi/4.9.3/armv7e-m/libgcc.a(bpabi.o) (__divdi3)
/usr/lib/gcc/arm-none-eabi/4.9.3/armv7e-m/libgcc.a(_udivdi3.o)
                              /usr/lib/gcc/arm-none-eabi/4.9.3/armv7e-m/libgcc.a(bpabi.o) (__udivdi3)
/usr/lib/gcc/arm-none-eabi/4.9.3/../../../arm-none-eabi/lib/armv7e-m/libc.a(lib_a-abort.o)
                              build/syscall.o (abort)
/usr/lib/gcc/arm-none-eabi/4.9.3/../../../arm-none-eabi/lib/armv7e-m/libc.a(lib_a-atof.o)
                              build/prm_interface.o (atof)
/usr/lib/gcc/arm-none-eabi/4.9.3/../../../arm-none-eabi/lib/armv7e-m/libc.a(lib_a-atoi.o)
                              build/prm_interface.o (atoi)
/usr/lib/gcc/arm-none-eabi/4.9.3/../../../arm-none-eabi/lib/armv7e-m/libc.a(lib_a-fflush.o)
                              build/module_test.o (fflush)
/usr/lib/gcc/arm-none-eabi/4.9.3/../../../arm-none-eabi/lib/armv7e-m/libc.a(lib_a-findfp.o)
                              /usr/lib/gcc/arm-none-eabi/4.9.3/../../../arm-none-eabi/lib/armv7e-m/libc.a(lib_a-fflush.o) (__sinit)
/usr/lib/gcc/arm-none-eabi/4.9.3/../../../arm-none-eabi/lib/armv7e-m/libc.a(lib_a-freer.o)
                              /usr/lib/gcc/arm-none-eabi/4.9.3/../../../arm-none-eabi/lib/armv7e-m/libc.a(lib_a-fflush.o) (_free_r)
/usr/lib/gcc/arm-none-eabi/4.9.3/../../../arm-none-eabi/lib/armv7e-m/libc.a(lib_a-fwalk.o)
                              /usr/lib/gcc/arm-none-eabi/4.9.3/../../../arm-none-eabi/lib/armv7e-m/libc.a(lib_a-findfp.o) (_fwalk)
/usr/lib/gcc/arm-none-eabi/4.9.3/../../../arm-none-eabi/lib/armv7e-m/libc.a(lib_a-impure.o)
                              /usr/lib/gcc/arm-none-eabi/4.9.3/../../../arm-none-eabi/lib/armv7e-m/libc.a(lib_a-fflush.o) (_global_impure_ptr)
/usr/lib/gcc/arm-none-eabi/4.9.3/../../../arm-none-eabi/lib/armv7e-m/libc.a(lib_a-mallocr.o)
                              /usr/lib/gcc/arm-none-eabi/4.9.3/../../../arm-none-eabi/lib/armv7e-m/libc.a(lib_a-findfp.o) (_malloc_r)
/usr/lib/gcc/arm-none-eabi/4.9.3/../../../arm-none-eabi/lib/armv7e-m/libc.a(lib_a-memset.o)
                              /usr/lib/gcc/arm-none-eabi/4.9.3/../../../arm-none-eabi/lib/armv7e-m/libc.a(lib_a-findfp.o) (memset)
/usr/lib/gcc/arm-none-eabi/4.9.3/../../../arm-none-eabi/lib/armv7e-m/libc.a(lib_a-mlock.o)
                              /usr/lib/gcc/arm-none-eabi/4.9.3/../../../arm-none-eabi/lib/armv7e-m/libc.a(lib_a-freer.o) (__malloc_lock)
[...]
Memory Configuration

Name             Origin             Length             Attributes
RAM              0x0000000020000000 0x0000000000020000 xrw
RLOG             0x0000000010000000 0x0000000000010000 xrw
VECTOR           0x0000000008000000 0x0000000000004000
MAZE             0x0000000008004000 0x0000000000004000 r
PARAMETER        0x0000000008008000 0x0000000000004000 r
FLASH            0x000000000800c000 0x0000000000034000 xr
FLASHst          0x0000000008040000 0x0000000000020000 xr
RLOG_FLASH1      0x0000000008060000 0x0000000000020000 r
RLOG_FLASH2      0x0000000008080000 0x0000000000020000 r
RLOG_FLASH3      0x00000000080a0000 0x0000000000020000 r
FLOG1            0x00000000080c0000 0x0000000000020000 r
FLOG2            0x00000000080e0000 0x0000000000020000 r
*default*        0x0000000000000000 0xffffffffffffffff

Linker script and memory map

LOAD /usr/lib/gcc/arm-none-eabi/4.9.3/../../../arm-none-eabi/lib/armv7e-m/libm.a
LOAD /usr/lib/gcc/arm-none-eabi/4.9.3/../../../arm-none-eabi/lib/armv7e-m/libc.a
LOAD /usr/lib/gcc/arm-none-eabi/4.9.3/armv7e-m/libgcc.a
LOAD ../static/build/static.elf
LOAD ../Libraries/CMSIS/Device/ST/STM32F4xx/Source/Templates/gcc_ride7/startup_stm32f4xx.o
LOAD build/config_clock_flash.o
LOAD build/general.o
LOAD build/config_time.o
LOAD build/stm32f4xx_it.o
LOAD build/config_PWM.o
LOAD build/syscall.o
LOAD build/config_encoder.o
LOAD build/date_str.o
LOAD build/usart.o
LOAD build/startup.o
LOAD build/adc.o
LOAD build/prm_variable.o
LOAD build/module_test.o
LOAD build/prm_interface.o
LOAD build/main.o
LOAD ../Libraries/libstm32.a
START GROUP
LOAD /usr/lib/gcc/arm-none-eabi/4.9.3/armv7e-m/libgcc.a
LOAD /usr/lib/gcc/arm-none-eabi/4.9.3/../../../arm-none-eabi/lib/armv7e-m/libc.a
END GROUP
                0x0000000000001800                _Minimum_Stack_Size = 0x1800
                0x0000000000020000                _RAM_SIZE = 0x20000
                0x0000000020020000                _estack = (0x20000000 + _RAM_SIZE)
                0x0000000008004000                _FLASH_MAZE_START = ORIGIN (MAZE)
                0x0000000000004000                _FLASH_MAZE_SIZE = LENGTH (MAZE)
                0x0000000008008000                _FLASH_PRM_START = ORIGIN (PARAMETER)
                0x0000000000004000                _FLASH_PRM_SIZE = LENGTH (PARAMETER)
                0x0000000008060000                _RLOG_FLASH1_START = ORIGIN (RLOG_FLASH1)
                0x0000000000020000                _RLOG_FLASH1_SIZE = LENGTH (RLOG_FLASH1)
                0x0000000008080000                _RLOG_FLASH2_START = ORIGIN (RLOG_FLASH2)
                0x0000000000020000                _RLOG_FLASH2_SIZE = LENGTH (RLOG_FLASH2)
                0x00000000080a0000                _RLOG_FLASH3_START = ORIGIN (RLOG_FLASH3)
                0x0000000000020000                _RLOG_FLASH3_SIZE = LENGTH (RLOG_FLASH3)
                0x00000000080c0000                _FLOG1_START = ORIGIN (FLOG1)
                0x0000000000020000                _FLOG1_SIZE = LENGTH (FLOG1)
                0x00000000080e0000                _FLOG2_START = ORIGIN (FLOG2)
                0x0000000000020000                _FLOG2_SIZE = LENGTH (FLOG2)
                0x0000000000000008                _FLASH_MAZE_SECTOR = 0x8
                0x0000000000000010                _FLASH_PRM_SECTOR = 0x10
                0x0000000000000038                _RLOG_FLASH1_SECTOR = 0x38
                0x0000000000000040                _RLOG_FLASH2_SECTOR = 0x40
                0x0000000000000048                _RLOG_FLASH3_SECTOR = 0x48
                0x0000000000000050                _FLOG1_SECTOR = 0x50
                0x0000000000000058                _FLOG2_SECTOR = 0x58
                0x0000000008000000                start = ORIGIN (VECTOR)

.isr_vector     0x0000000008000000      0x188
                0x0000000008000000                . = ALIGN (0x4)
 *(.isr_vector)
 .isr_vector    0x0000000008000000      0x188 ../Libraries/CMSIS/Device/ST/STM32F4xx/Source/Templates/gcc_ride7/startup_stm32f4xx.o
                0x0000000008000000                g_pfnVectors
                0x0000000008000188                . = ALIGN (0x4)

.init_array     0x0000000008000188        0x0
                0x0000000008000188                . = ALIGN (0x4)
                0x0000000008000188                __init_array_start = ABSOLUTE (.)
 *(SORT(.init_array.*))
 *(.init_array)
                0x0000000008000188                . = ALIGN (0x4)
                0x0000000008000188                __init_array_end = ABSOLUTE (.)

.ARM.extab      0x000000000800c000        0x0
 *(.ARM.extab* .gnu.linkonce.armextab.*)
 .ARM.extab     0x000000000800c000        0x0 /usr/lib/gcc/arm-none-eabi/4.9.3/armv7e-m/libgcc.a(_divdi3.o)
 .ARM.extab     0x000000000800c000        0x0 /usr/lib/gcc/arm-none-eabi/4.9.3/armv7e-m/libgcc.a(_udivdi3.o)

.ARM.exidx      0x000000000800c000        0x8
 *(.ARM.exidx* .gnu.linkonce.armexidx.*)
 .ARM.exidx     0x000000000800c000        0x8 /usr/lib/gcc/arm-none-eabi/4.9.3/armv7e-m/libgcc.a(_divdi3.o)
 .ARM.exidx     0x000000000800c008        0x0 /usr/lib/gcc/arm-none-eabi/4.9.3/armv7e-m/libgcc.a(_udivdi3.o)
                                          0x8 (size before relaxing)

.text           0x000000000800c020     0xccc8
                0x000000000800c020                . = ALIGN (0x4)
 *(.text)
 .text          0x000000000800c020       0x14 ../Libraries/CMSIS/Device/ST/STM32F4xx/Source/Templates/gcc_ride7/startup_stm32f4xx.o
 .text          0x000000000800c034       0x90 build/config_clock_flash.o
                0x000000000800c034                CLOCK_FLASH_config
                0x000000000800c0a4                erase_flash_sector
                0x000000000800c0b8                write_1byte_to_flash
                0x000000000800c0bc                write_2bytes_to_flash
                0x000000000800c0c0                write_4bytes_to_flash
 .text          0x000000000800c0c4       0xe4 build/general.o
                0x000000000800c0c4                General_Config
                0x000000000800c140                Led0
                0x000000000800c15c                Led1
                0x000000000800c178                Sw0
                0x000000000800c190                Sw1
 .text          0x000000000800c1a8       0xe0 build/config_time.o
                0x000000000800c1a8                wait
                0x000000000800c218                start_timer
                0x000000000800c230                get_time
 .text          0x000000000800c288       0x24 build/stm32f4xx_it.o
                0x000000000800c288                NMI_Handler
                0x000000000800c28c                HardFault_Handler
                0x000000000800c290                MemManage_Handler
                0x000000000800c294                BusFault_Handler
                0x000000000800c298                UsageFault_Handler
                0x000000000800c29c                SVC_Handler
                0x000000000800c2a0                DebugMon_Handler
                0x000000000800c2a4                PendSV_Handler
                0x000000000800c2a8                SysTick_Handler
 .text          0x000000000800c2ac      0x3b0 build/config_PWM.o
                0x000000000800c2ac                TIM_config_for_PWM_motor
                0x000000000800c564                set_duty_PWM_motorA
                0x000000000800c5e0                set_duty_PWM_motorB
 .text          0x000000000800c65c      0x130 build/syscall.o
                0x000000000800c65c                _exit
                0x000000000800c660                _close
                0x000000000800c668                _execve
                0x000000000800c678                _fork
                0x000000000800c688                _fstat
                0x000000000800c694                _getpid
                0x000000000800c698                _isatty
                0x000000000800c69c                _kill
                0x000000000800c6ac                _link
                0x000000000800c6bc                _lseek
                0x000000000800c6c0                _open
                0x000000000800c6c8                _read
                0x000000000800c6fc                _sbrk
                0x000000000800c738                _astat
                0x000000000800c744                _unlink
                0x000000000800c754                _wait
                0x000000000800c764                _write
 .text          0x000000000800c78c      0x118 build/config_encoder.o
                0x000000000800c78c                TIM_config_for_encoder1
                0x000000000800c7fc                TIM_config_for_encoder2
                0x000000000800c86c                get_cnt_encoder1
                0x000000000800c87c                get_cnt_encoder2
                0x000000000800c88c                set_cnt_encoder1
                0x000000000800c898                set_cnt_encoder2
 .text          0x000000000800c8a4        0x0 build/date_str.o
 .text          0x000000000800c8a4      0x250 build/usart.o
                0x000000000800c8a4                USART1_Conf
                0x000000000800c9b0                outbyte
                0x000000000800ca90                inkey
                0x000000000800cacc                clear_rxb
                0x000000000800cad8                inbyte
 .text          0x000000000800caf4       0xf0 build/startup.o
                0x000000000800caf4                startup
 .text          0x000000000800cbe4      0x474 build/adc.o
                0x000000000800cbe4                ADC_Conf
                0x000000000800ce8c                ADC_IRQ_Conf
                0x000000000800cf4c                int_pre_process
                0x000000000800cfc4                duty_here
                0x000000000800cff4                int_post_process
                0x000000000800d014                stop_periodic_interrupt
                0x000000000800d024                restart_periodic_interrupt
                0x000000000800d048                DMA2_Stream0_IRQHandler
 .text          0x000000000800d058       0x1c build/prm_variable.o
                0x000000000800d058                init_prm()
 .text          0x000000000800d074      0x1f8 build/module_test.o
                0x000000000800d074                module_test_low_level()
 .text          0x000000000800d26c      0xa10 build/prm_interface.o
                0x000000000800d2b4                load_prms()
                0x000000000800d338                save_prms()
                0x000000000800d454                verify_prms()
                0x000000000800d538                print_prms()
                0x000000000800d5cc                put_ESC_move_right(int)
                0x000000000800d5d4                put_ESC_move_left(int)
                0x000000000800d5dc                insert_char(char*, int*, char)
                0x000000000800d648                delete_char(char*, int*)
                0x000000000800d6ac                show_help_edit_prm()
                0x000000000800d6f0                edit_prms()
 .text          0x000000000800dc7c        0x0 build/main.o
 .text          0x000000000800dc7c      0x174 ../Libraries/libstm32.a(system_stm32f4xx.o)
                0x000000000800dc7c                SystemInit
                0x000000000800dd7c                SystemCoreClockUpdate
 .text          0x000000000800ddf0      0x274 ../Libraries/libstm32.a(stm32f4xx_gpio.o)
                0x000000000800ddf0                GPIO_DeInit
                0x000000000800df08                GPIO_Init
                0x000000000800dfbc                GPIO_StructInit
                0x000000000800dfd0                GPIO_PinLockConfig
                0x000000000800dff4                GPIO_ReadInputDataBit
                0x000000000800e000                GPIO_ReadInputData
                0x000000000800e008                GPIO_ReadOutputDataBit
                0x000000000800e014                GPIO_ReadOutputData
                0x000000000800e01c                GPIO_SetBits
                0x000000000800e020                GPIO_ResetBits
                0x000000000800e024                GPIO_WriteBit
                0x000000000800e030                GPIO_Write
                0x000000000800e034                GPIO_ToggleBits
                0x000000000800e03c                GPIO_PinAFConfig
 .text          0x000000000800e064      0x390 ../Libraries/libstm32.a(stm32f4xx_dma.o)
                0x000000000800e064                DMA_DeInit
                0x000000000800e194                DMA_Init
                0x000000000800e204                DMA_StructInit
                0x000000000800e228                DMA_Cmd
                0x000000000800e23c                DMA_PeriphIncOffsetSizeConfig
                0x000000000800e250                DMA_FlowControllerConfig
                0x000000000800e264                DMA_SetCurrDataCounter
                0x000000000800e268                DMA_GetCurrDataCounter
                0x000000000800e270                DMA_DoubleBufferModeConfig
                0x000000000800e288                DMA_DoubleBufferModeCmd
                0x000000000800e29c                DMA_MemoryTargetConfig
                0x000000000800e2a8                DMA_GetCurrentMemoryTarget
                0x000000000800e2b0                DMA_GetCmdStatus
                0x000000000800e2b8                DMA_GetFIFOStatus
                0x000000000800e2c0                DMA_GetFlagStatus
                0x000000000800e2fc                DMA_ClearFlag
                0x000000000800e330                DMA_ITConfig
                0x000000000800e370                DMA_GetITStatus
                0x000000000800e3c0                DMA_ClearITPendingBit
 .text          0x000000000800e3f4      0x478 ../Libraries/libstm32.a(stm32f4xx_rcc.o)
                0x000000000800e3f4                RCC_DeInit
                0x000000000800e428                RCC_HSEConfig
                0x000000000800e438                RCC_WaitForHSEStartUp
                0x000000000800e46c                RCC_AdjustHSICalibrationValue
                0x000000000800e480                RCC_HSICmd
                0x000000000800e48c                RCC_LSEConfig
                0x000000000800e4ac                RCC_LSICmd
                0x000000000800e4b8                RCC_PLLConfig
                0x000000000800e4dc                RCC_PLLCmd
                0x000000000800e4e8                RCC_PLLI2SConfig
                0x000000000800e4fc                RCC_PLLI2SCmd
                0x000000000800e508                RCC_ClockSecuritySystemCmd
                0x000000000800e514                RCC_MCO1Config
                0x000000000800e528                RCC_MCO2Config
                0x000000000800e53c                RCC_SYSCLKConfig
                0x000000000800e550                RCC_GetSYSCLKSource
                0x000000000800e560                RCC_HCLKConfig
                0x000000000800e574                RCC_PCLK1Config
                0x000000000800e588                RCC_PCLK2Config
                0x000000000800e59c                RCC_GetClocksFreq
                0x000000000800e634                RCC_RTCCLKConfig
                0x000000000800e664                RCC_RTCCLKCmd
                0x000000000800e670                RCC_BackupResetCmd
                0x000000000800e67c                RCC_I2SCLKConfig
                0x000000000800e688                RCC_AHB1PeriphClockCmd
                0x000000000800e6a0                RCC_AHB2PeriphClockCmd
                0x000000000800e6b8                RCC_AHB3PeriphClockCmd
                0x000000000800e6d0                RCC_APB1PeriphClockCmd
                0x000000000800e6e8                RCC_APB2PeriphClockCmd
                0x000000000800e700                RCC_AHB1PeriphResetCmd
                0x000000000800e718                RCC_AHB2PeriphResetCmd
                0x000000000800e730                RCC_AHB3PeriphResetCmd
                0x000000000800e748                RCC_APB1PeriphResetCmd
                0x000000000800e760                RCC_APB2PeriphResetCmd
                0x000000000800e778                RCC_AHB1PeriphClockLPModeCmd
                0x000000000800e790                RCC_AHB2PeriphClockLPModeCmd
                0x000000000800e7a8                RCC_AHB3PeriphClockLPModeCmd
                0x000000000800e7c0                RCC_APB1PeriphClockLPModeCmd
                0x000000000800e7d8                RCC_APB2PeriphClockLPModeCmd
                0x000000000800e7f0                RCC_ITConfig
                0x000000000800e808                RCC_GetFlagStatus
                0x000000000800e83c                RCC_ClearFlag
                0x000000000800e84c                RCC_GetITStatus
                0x000000000800e860                RCC_ClearITPendingBit
 .text          0x000000000800e86c      0x418 ../Libraries/libstm32.a(stm32f4xx_flash.o)
                0x000000000800e86c                FLASH_SetLatency
                0x000000000800e878                FLASH_PrefetchBufferCmd
                0x000000000800e894                FLASH_InstructionCacheCmd
                0x000000000800e8b0                FLASH_DataCacheCmd
                0x000000000800e8cc                FLASH_InstructionCacheReset
                0x000000000800e8dc                FLASH_DataCacheReset
                0x000000000800e8ec                FLASH_Unlock
                0x000000000800e90c                FLASH_Lock
                0x000000000800e91c                FLASH_OB_Unlock
                0x000000000800e93c                FLASH_OB_Lock
                0x000000000800e94c                FLASH_OB_BORConfig
                0x000000000800e964                FLASH_OB_GetUser
                0x000000000800e974                FLASH_OB_GetWRP
                0x000000000800e980                FLASH_OB_GetRDP
                0x000000000800e990                FLASH_OB_GetBOR
                0x000000000800e9a0                FLASH_ITConfig
                0x000000000800e9b8                FLASH_GetFlagStatus
                0x000000000800e9cc                FLASH_ClearFlag
                0x000000000800e9d8                FLASH_GetStatus
                0x000000000800ea0c                FLASH_WaitForLastOperation
                0x000000000800ea34                FLASH_EraseSector
                0x000000000800eaa8                FLASH_EraseAllSectors
                0x000000000800eb04                FLASH_ProgramDoubleWord
                0x000000000800eb48                FLASH_ProgramWord
                0x000000000800eb88                FLASH_ProgramHalfWord
                0x000000000800ebc8                FLASH_ProgramByte
                0x000000000800ec04                FLASH_OB_WRPConfig
                0x000000000800ec30                FLASH_OB_RDPConfig
                0x000000000800ec48                FLASH_OB_UserConfig
                0x000000000800ec70                FLASH_OB_Launch
 .text          0x000000000800ec84       0xc8 ../Libraries/libstm32.a(misc.o)
                0x000000000800ec84                NVIC_PriorityGroupConfig
                0x000000000800ec98                NVIC_Init
                0x000000000800ed08                NVIC_SetVectorTable
                0x000000000800ed1c                NVIC_SystemLPConfig
                0x000000000800ed34                SysTick_CLKSourceConfig
 .text          0x000000000800ed4c      0x434 ../Libraries/libstm32.a(stm32f4xx_usart.o)
                0x000000000800ed4c                USART_DeInit
                0x000000000800ee14                USART_Init
                0x000000000800eed8                USART_StructInit
                0x000000000800eef0                USART_ClockInit
                0x000000000800ef14                USART_ClockStructInit
                0x000000000800ef20                USART_Cmd
                0x000000000800ef3c                USART_SetPrescaler
                0x000000000800ef50                USART_OverSampling8Cmd
                0x000000000800ef6c                USART_OneBitMethodCmd
                0x000000000800ef88                USART_SendData
                0x000000000800ef90                USART_ReceiveData
                0x000000000800ef98                USART_SetAddress
                0x000000000800efb0                USART_ReceiverWakeUpCmd
                0x000000000800efcc                USART_WakeUpConfig
                0x000000000800efe4                USART_LINBreakDetectLengthConfig
                0x000000000800effc                USART_LINCmd
                0x000000000800f018                USART_SendBreak
                0x000000000800f024                USART_HalfDuplexCmd
                0x000000000800f040                USART_SetGuardTime
                0x000000000800f054                USART_SmartCardCmd
                0x000000000800f070                USART_SmartCardNACKCmd
                0x000000000800f08c                USART_IrDAConfig
                0x000000000800f0a4                USART_IrDACmd
                0x000000000800f0c0                USART_DMACmd
                0x000000000800f0d4                USART_ITConfig
                0x000000000800f110                USART_GetFlagStatus
                0x000000000800f11c                USART_ClearFlag
                0x000000000800f124                USART_GetITStatus
                0x000000000800f170                USART_ClearITPendingBit
 .text          0x000000000800f180      0x3ac ../Libraries/libstm32.a(stm32f4xx_adc.o)
                0x000000000800f180                ADC_DeInit
                0x000000000800f19c                ADC_Init
                0x000000000800f1ec                ADC_StructInit
                0x000000000800f200                ADC_CommonInit
                0x000000000800f228                ADC_CommonStructInit
                0x000000000800f234                ADC_Cmd
                0x000000000800f248                ADC_AnalogWatchdogCmd
                0x000000000800f258                ADC_AnalogWatchdogThresholdsConfig
                0x000000000800f260                ADC_AnalogWatchdogSingleChannelConfig
                0x000000000800f26c                ADC_TempSensorVrefintCmd
                0x000000000800f288                ADC_VBATCmd
                0x000000000800f2a4                ADC_RegularChannelConfig
                0x000000000800f330                ADC_SoftwareStartConv
                0x000000000800f33c                ADC_GetSoftwareStartConvStatus
                0x000000000800f344                ADC_EOCOnEachRegularChannelCmd
                0x000000000800f358                ADC_ContinuousModeCmd
                0x000000000800f36c                ADC_DiscModeChannelCountConfig
                0x000000000800f37c                ADC_DiscModeCmd
                0x000000000800f390                ADC_GetConversionValue
                0x000000000800f398                ADC_GetMultiModeConversionValue
                0x000000000800f3a4                ADC_DMACmd
                0x000000000800f3b8                ADC_DMARequestAfterLastTransferCmd
                0x000000000800f3cc                ADC_MultiModeDMARequestAfterLastTransferCmd
                0x000000000800f3e8                ADC_InjectedChannelConfig
                0x000000000800f440                ADC_InjectedSequencerLengthConfig
                0x000000000800f450                ADC_SetInjectedOffset
                0x000000000800f468                ADC_ExternalTrigInjectedConvConfig
                0x000000000800f474                ADC_ExternalTrigInjectedConvEdgeConfig
                0x000000000800f480                ADC_SoftwareStartInjectedConv
                0x000000000800f48c                ADC_GetSoftwareStartInjectedConvCmdStatus
                0x000000000800f494                ADC_AutoInjectedConvCmd
                0x000000000800f4a8                ADC_InjectedDiscModeCmd
                0x000000000800f4bc                ADC_GetInjectedConversionValue
                0x000000000800f4d8                ADC_ITConfig
                0x000000000800f4f4                ADC_GetFlagStatus
                0x000000000800f500                ADC_ClearFlag
                0x000000000800f508                ADC_GetITStatus
                0x000000000800f524                ADC_ClearITPendingBit
 .text          0x000000000800f52c      0xdcc ../Libraries/libstm32.a(stm32f4xx_tim.o)
                0x000000000800f52c                TIM_DeInit
                0x000000000800f6e4                TIM_TimeBaseInit
                0x000000000800f77c                TIM_TimeBaseStructInit
                0x000000000800f790                TIM_PrescalerConfig
                0x000000000800f798                TIM_CounterModeConfig
                0x000000000800f7a8                TIM_SetCounter
                0x000000000800f7ac                TIM_SetAutoreload
                0x000000000800f7b0                TIM_GetCounter
                0x000000000800f7b4                TIM_GetPrescaler
                0x000000000800f7bc                TIM_UpdateDisableConfig
                0x000000000800f7d8                TIM_UpdateRequestConfig
                0x000000000800f7f4                TIM_ARRPreloadConfig
                0x000000000800f810                TIM_SelectOnePulseMode
                0x000000000800f828                TIM_SetClockDivision
                0x000000000800f840                TIM_Cmd
                0x000000000800f85c                TIM_OC1Init
                0x000000000800f8e0                TIM_OC2Init
                0x000000000800f970                TIM_OC3Init
                0x000000000800fa00                TIM_OC4Init
                0x000000000800fa74                TIM_OCStructInit
                0x000000000800fa88                TIM_SelectOCxM
                0x000000000800fad8                TIM_SetCompare1
                0x000000000800fadc                TIM_SetCompare2
                0x000000000800fae0                TIM_SetCompare3
                0x000000000800fae4                TIM_SetCompare4
                0x000000000800fae8                TIM_ForcedOC1Config
                0x000000000800faf8                TIM_ForcedOC2Config
                0x000000000800fb0c                TIM_ForcedOC3Config
                0x000000000800fb1c                TIM_ForcedOC4Config
                0x000000000800fb30                TIM_OC1PreloadConfig
                0x000000000800fb40                TIM_OC2PreloadConfig
                0x000000000800fb54                TIM_OC3PreloadConfig
                0x000000000800fb64                TIM_OC4PreloadConfig
                0x000000000800fb78                TIM_OC1FastConfig
                0x000000000800fb88                TIM_OC2FastConfig
                0x000000000800fb9c                TIM_OC3FastConfig
                0x000000000800fbac                TIM_OC4FastConfig
                0x000000000800fbc0                TIM_ClearOC1Ref
                0x000000000800fbd0                TIM_ClearOC2Ref
                0x000000000800fbe0                TIM_ClearOC3Ref
                0x000000000800fbf0                TIM_ClearOC4Ref
                0x000000000800fc00                TIM_OC1PolarityConfig
                0x000000000800fc10                TIM_OC1NPolarityConfig
                0x000000000800fc20                TIM_OC2PolarityConfig
                0x000000000800fc34                TIM_OC2NPolarityConfig
                0x000000000800fc48                TIM_OC3PolarityConfig
                0x000000000800fc5c                TIM_OC3NPolarityConfig
                0x000000000800fc70                TIM_OC4PolarityConfig
                0x000000000800fc84                TIM_CCxCmd
                0x000000000800fca4                TIM_CCxNCmd
                0x000000000800fcc4                TIM_ICInit
                0x000000000800fe2c                TIM_ICStructInit
                0x000000000800fe3c                TIM_PWMIConfig
                0x000000000800ff94                TIM_GetCapture1
                0x000000000800ff98                TIM_GetCapture2
                0x000000000800ff9c                TIM_GetCapture3
                0x000000000800ffa0                TIM_GetCapture4
                0x000000000800ffa4                TIM_SetIC1Prescaler
                0x000000000800ffbc                TIM_SetIC2Prescaler
                0x000000000800ffd8                TIM_SetIC3Prescaler
                0x000000000800fff0                TIM_SetIC4Prescaler
                0x000000000801000c                TIM_BDTRConfig
                0x0000000008010034                TIM_BDTRStructInit
                0x0000000008010048                TIM_CtrlPWMOutputs
                0x0000000008010068                TIM_SelectCOM
                0x0000000008010084                TIM_CCPreloadControl
                0x00000000080100a0                TIM_ITConfig
                0x00000000080100b4                TIM_GenerateEvent
                0x00000000080100b8                TIM_GetFlagStatus
                0x00000000080100c4                TIM_ClearFlag
                0x00000000080100cc                TIM_GetITStatus
                0x00000000080100e4                TIM_ClearITPendingBit
                0x00000000080100ec                TIM_DMAConfig
                0x00000000080100f4                TIM_DMACmd
                0x0000000008010108                TIM_SelectCCDMA
                0x0000000008010124                TIM_InternalClockConfig
                0x0000000008010134                TIM_ITRxExternalClockConfig
                0x0000000008010150                TIM_TIxExternalClockConfig
                0x00000000080101d8                TIM_ETRClockMode1Config
                0x0000000008010200                TIM_ETRClockMode2Config
                0x0000000008010224                TIM_SelectInputTrigger
                0x0000000008010234                TIM_SelectOutputTrigger
                0x000000000801024c                TIM_SelectSlaveMode
                0x0000000008010264                TIM_SelectMasterSlaveMode
                0x000000000801027c                TIM_ETRConfig
                0x0000000008010294                TIM_EncoderInterfaceConfig
                0x00000000080102d4                TIM_SelectHallSensor
                0x00000000080102f0                TIM_RemapConfig
 .text          0x00000000080102f8      0x370 /usr/lib/gcc/arm-none-eabi/4.9.3/armv7e-m/libgcc.a(_arm_addsubdf3.o)
                0x00000000080102f8                __aeabi_drsub
                0x0000000008010300                __aeabi_dsub
                0x0000000008010300                __subdf3
                0x0000000008010304                __adddf3
                0x0000000008010304                __aeabi_dadd
                0x000000000801057c                __aeabi_ui2d
                0x000000000801057c                __floatunsidf
                0x000000000801059c                __floatsidf
                0x000000000801059c                __aeabi_i2d
                0x00000000080105c0                __extendsfdf2
                0x00000000080105c0                __aeabi_f2d
                0x00000000080105fc                __aeabi_ul2d
                0x00000000080105fc                __floatundidf
                0x000000000801060c                __floatdidf
                0x000000000801060c                __aeabi_l2d
 .text          0x0000000008010668       0xa0 /usr/lib/gcc/arm-none-eabi/4.9.3/armv7e-m/libgcc.a(_arm_truncdfsf2.o)
                0x0000000008010668                __aeabi_d2f
                0x0000000008010668                __truncdfsf2
 .text          0x0000000008010708      0x21c /usr/lib/gcc/arm-none-eabi/4.9.3/armv7e-m/libgcc.a(_arm_addsubsf3.o)
                0x0000000008010708                __aeabi_frsub
                0x0000000008010710                __subsf3
                0x0000000008010710                __aeabi_fsub
                0x0000000008010714                __aeabi_fadd
                0x0000000008010714                __addsf3
                0x0000000008010874                __aeabi_ui2f
                0x0000000008010874                __floatunsisf
                0x000000000801087c                __aeabi_i2f
                0x000000000801087c                __floatsisf
                0x0000000008010898                __floatundisf
                0x0000000008010898                __aeabi_ul2f
                0x00000000080108a8                __floatdisf
                0x00000000080108a8                __aeabi_l2f
 .text          0x0000000008010924       0x30 /usr/lib/gcc/arm-none-eabi/4.9.3/armv7e-m/libgcc.a(_aeabi_uldivmod.o)
                0x0000000008010924                __aeabi_uldivmod
 .text          0x0000000008010954       0x4c /usr/lib/gcc/arm-none-eabi/4.9.3/armv7e-m/libgcc.a(_fixunssfdi.o)
                0x0000000008010954                __aeabi_f2ulz
                0x0000000008010954                __fixunssfdi
 .text          0x00000000080109a0       0x60 /usr/lib/gcc/arm-none-eabi/4.9.3/armv7e-m/libgcc.a(bpabi.o)
                0x00000000080109a0                __gnu_ldivmod_helper
                0x00000000080109d0                __gnu_uldivmod_helper
 .text          0x0000000008010a00        0x4 /usr/lib/gcc/arm-none-eabi/4.9.3/armv7e-m/libgcc.a(_dvmd_tls.o)
                0x0000000008010a00                __aeabi_ldiv0
                0x0000000008010a00                __aeabi_idiv0
 .text          0x0000000008010a04      0x424 /usr/lib/gcc/arm-none-eabi/4.9.3/armv7e-m/libgcc.a(_arm_muldivdf3.o)
                0x0000000008010a04                __aeabi_dmul
                0x0000000008010a04                __muldf3
                0x0000000008010c58                __aeabi_ddiv
                0x0000000008010c58                __divdf3
 .text          0x0000000008010e28       0x40 /usr/lib/gcc/arm-none-eabi/4.9.3/armv7e-m/libgcc.a(_arm_fixunsdfsi.o)
                0x0000000008010e28                __fixunsdfsi
                0x0000000008010e28                __aeabi_d2uiz
 .text          0x0000000008010e68      0x29c /usr/lib/gcc/arm-none-eabi/4.9.3/armv7e-m/libgcc.a(_divdi3.o)
                0x0000000008010e68                __divdi3
 .text          0x0000000008011104      0x26c /usr/lib/gcc/arm-none-eabi/4.9.3/armv7e-m/libgcc.a(_udivdi3.o)
                0x0000000008011104                __udivdi3
 .text          0x0000000008011370        0x0 /usr/lib/gcc/arm-none-eabi/4.9.3/../../../arm-none-eabi/lib/armv7e-m/libc.a(lib_a-abort.o)
 .text          0x0000000008011370        0x0 /usr/lib/gcc/arm-none-eabi/4.9.3/../../../arm-none-eabi/lib/armv7e-m/libc.a(lib_a-atof.o)
 .text          0x0000000008011370        0x0 /usr/lib/gcc/arm-none-eabi/4.9.3/../../../arm-none-eabi/lib/armv7e-m/libc.a(lib_a-atoi.o)
 .text          0x0000000008011370        0x0 /usr/lib/gcc/arm-none-eabi/4.9.3/../../../arm-none-eabi/lib/armv7e-m/libc.a(lib_a-fflush.o)
 .text          0x0000000008011370        0x0 /usr/lib/gcc/arm-none-eabi/4.9.3/../../../arm-none-eabi/lib/armv7e-m/libc.a(lib_a-findfp.o)
 .text          0x0000000008011370        0x0 /usr/lib/gcc/arm-none-eabi/4.9.3/../../../arm-none-eabi/lib/armv7e-m/libc.a(lib_a-freer.o)
 .text          0x0000000008011370        0x0 /usr/lib/gcc/arm-none-eabi/4.9.3/../../../arm-none-eabi/lib/armv7e-m/libc.a(lib_a-fwalk.o)
 .text          0x0000000008011370        0x0 /usr/lib/gcc/arm-none-eabi/4.9.3/../../../arm-none-eabi/lib/armv7e-m/libc.a(lib_a-impure.o)
 .text          0x0000000008011370        0x0 /usr/lib/gcc/arm-none-eabi/4.9.3/../../../arm-none-eabi/lib/armv7e-m/libc.a(lib_a-mallocr.o)
 .text          0x0000000008011370        0x0 /usr/lib/gcc/arm-none-eabi/4.9.3/../../../arm-none-eabi/lib/armv7e-m/libc.a(lib_a-memset.o)
 .text          0x0000000008011370        0x0 /usr/lib/gcc/arm-none-eabi/4.9.3/../../../arm-none-eabi/lib/armv7e-m/libc.a(lib_a-mlock.o)
 .text          0x0000000008011370        0x0 /usr/lib/gcc/arm-none-eabi/4.9.3/../../../arm-none-eabi/lib/armv7e-m/libc.a(lib_a-printf.o)
 .text          0x0000000008011370        0x0 /usr/lib/gcc/arm-none-eabi/4.9.3/../../../arm-none-eabi/lib/armv7e-m/libc.a(lib_a-puts.o)
 .text          0x0000000008011370        0x0 /usr/lib/gcc/arm-none-eabi/4.9.3/../../../arm-none-eabi/lib/armv7e-m/libc.a(lib_a-reent.o)
 .text          0x0000000008011370        0x0 /usr/lib/gcc/arm-none-eabi/4.9.3/../../../arm-none-eabi/lib/armv7e-m/libc.a(lib_a-sbrkr.o)
 .text          0x0000000008011370        0x0 /usr/lib/gcc/arm-none-eabi/4.9.3/../../../arm-none-eabi/lib/armv7e-m/libc.a(lib_a-signal.o)
 .text          0x0000000008011370        0x0 /usr/lib/gcc/arm-none-eabi/4.9.3/../../../arm-none-eabi/lib/armv7e-m/libc.a(lib_a-signalr.o)
 .text          0x0000000008011370        0x0 /usr/lib/gcc/arm-none-eabi/4.9.3/../../../arm-none-eabi/lib/armv7e-m/libc.a(lib_a-stdio.o)
 .text          0x0000000008011370        0x0 /usr/lib/gcc/arm-none-eabi/4.9.3/../../../arm-none-eabi/lib/armv7e-m/libc.a(lib_a-strlen.o)
 .text          0x0000000008011370        0x0 /usr/lib/gcc/arm-none-eabi/4.9.3/../../../arm-none-eabi/lib/armv7e-m/libc.a(lib_a-strncmp.o)
 .text          0x0000000008011370        0x0 /usr/lib/gcc/arm-none-eabi/4.9.3/../../../arm-none-eabi/lib/armv7e-m/libc.a(lib_a-strncpy.o)
 .text          0x0000000008011370        0x0 /usr/lib/gcc/arm-none-eabi/4.9.3/../../../arm-none-eabi/lib/armv7e-m/libc.a(lib_a-strtod.o)
 .text          0x0000000008011370        0x0 /usr/lib/gcc/arm-none-eabi/4.9.3/../../../arm-none-eabi/lib/armv7e-m/libc.a(lib_a-strtol.o)
 .text          0x0000000008011370        0x0 /usr/lib/gcc/arm-none-eabi/4.9.3/../../../arm-none-eabi/lib/armv7e-m/libc.a(lib_a-syswrite.o)
 .text          0x0000000008011370        0x0 /usr/lib/gcc/arm-none-eabi/4.9.3/../../../arm-none-eabi/lib/armv7e-m/libc.a(lib_a-vfprintf.o)
 .text          0x0000000008011370        0x0 /usr/lib/gcc/arm-none-eabi/4.9.3/../../../arm-none-eabi/lib/armv7e-m/libc.a(lib_a-writer.o)
 .text          0x0000000008011370        0x0 /usr/lib/gcc/arm-none-eabi/4.9.3/../../../arm-none-eabi/lib/armv7e-m/libc.a(lib_a-wsetup.o)
 .text          0x0000000008011370        0x0 /usr/lib/gcc/arm-none-eabi/4.9.3/../../../arm-none-eabi/lib/armv7e-m/libc.a(lib_a-closer.o)
 .text          0x0000000008011370        0x0 /usr/lib/gcc/arm-none-eabi/4.9.3/../../../arm-none-eabi/lib/armv7e-m/libc.a(lib_a-ctype_.o)
 .text          0x0000000008011370        0x0 /usr/lib/gcc/arm-none-eabi/4.9.3/../../../arm-none-eabi/lib/armv7e-m/libc.a(lib_a-dtoa.o)
 .text          0x0000000008011370        0x0 /usr/lib/gcc/arm-none-eabi/4.9.3/../../../arm-none-eabi/lib/armv7e-m/libc.a(lib_a-fclose.o)
 .text          0x0000000008011370        0x0 /usr/lib/gcc/arm-none-eabi/4.9.3/../../../arm-none-eabi/lib/armv7e-m/libc.a(lib_a-fvwrite.o)
 .text          0x0000000008011370        0x0 /usr/lib/gcc/arm-none-eabi/4.9.3/../../../arm-none-eabi/lib/armv7e-m/libc.a(lib_a-gdtoa-gethex.o)
 .text          0x0000000008011370        0x0 /usr/lib/gcc/arm-none-eabi/4.9.3/../../../arm-none-eabi/lib/armv7e-m/libc.a(lib_a-gdtoa-hexnan.o)
 .text          0x0000000008011370        0x0 /usr/lib/gcc/arm-none-eabi/4.9.3/../../../arm-none-eabi/lib/armv7e-m/libc.a(lib_a-locale.o)
 .text          0x0000000008011370        0x0 /usr/lib/gcc/arm-none-eabi/4.9.3/../../../arm-none-eabi/lib/armv7e-m/libc.a(lib_a-lseekr.o)
 .text          0x0000000008011370        0x0 /usr/lib/gcc/arm-none-eabi/4.9.3/../../../arm-none-eabi/lib/armv7e-m/libc.a(lib_a-makebuf.o)
 .text          0x0000000008011370        0x0 /usr/lib/gcc/arm-none-eabi/4.9.3/../../../arm-none-eabi/lib/armv7e-m/libc.a(lib_a-memchr.o)
 .text          0x0000000008011370      0x134 /usr/lib/gcc/arm-none-eabi/4.9.3/../../../arm-none-eabi/lib/armv7e-m/libc.a(lib_a-memcpy.o)
                0x0000000008011370                memcpy
 .text          0x00000000080114a4        0x0 /usr/lib/gcc/arm-none-eabi/4.9.3/../../../arm-none-eabi/lib/armv7e-m/libc.a(lib_a-memmove.o)
 .text          0x00000000080114a4        0x0 /usr/lib/gcc/arm-none-eabi/4.9.3/../../../arm-none-eabi/lib/armv7e-m/libc.a(lib_a-mprec.o)
 .text          0x00000000080114a4        0x0 /usr/lib/gcc/arm-none-eabi/4.9.3/../../../arm-none-eabi/lib/armv7e-m/libc.a(lib_a-readr.o)
 .text          0x00000000080114a4        0x0 /usr/lib/gcc/arm-none-eabi/4.9.3/../../../arm-none-eabi/lib/armv7e-m/libc.a(lib_a-reallocr.o)
 .text          0x00000000080114a4        0x0 /usr/lib/gcc/arm-none-eabi/4.9.3/../../../arm-none-eabi/lib/armv7e-m/libc.a(lib_a-s_fpclassify.o)
 .text          0x00000000080114a4        0x0 /usr/lib/gcc/arm-none-eabi/4.9.3/../../../arm-none-eabi/lib/armv7e-m/libc.a(lib_a-sf_nan.o)
 *fill*         0x00000000080114a4       0x1c 
 .text          0x00000000080114c0      0x2e0 /usr/lib/gcc/arm-none-eabi/4.9.3/../../../arm-none-eabi/lib/armv7e-m/libc.a(lib_a-strcmp.o)
                0x00000000080114c8                strcmp
 .text          0x00000000080117a0        0x0 /usr/lib/gcc/arm-none-eabi/4.9.3/../../../arm-none-eabi/lib/armv7e-m/libc.a(lib_a-vfiprintf.o)
 .text          0x00000000080117a0        0x0 /usr/lib/gcc/arm-none-eabi/4.9.3/../../../arm-none-eabi/lib/armv7e-m/libc.a(lib_a-callocr.o)
 .text          0x00000000080117a0        0x0 /usr/lib/gcc/arm-none-eabi/4.9.3/../../../arm-none-eabi/lib/armv7e-m/libc.a(lib_a-fputwc.o)
 .text          0x00000000080117a0        0x0 /usr/lib/gcc/arm-none-eabi/4.9.3/../../../arm-none-eabi/lib/armv7e-m/libc.a(lib_a-fstatr.o)
 .text          0x00000000080117a0        0x0 /usr/lib/gcc/arm-none-eabi/4.9.3/../../../arm-none-eabi/lib/armv7e-m/libc.a(lib_a-isattyr.o)
 .text          0x00000000080117a0        0x0 /usr/lib/gcc/arm-none-eabi/4.9.3/../../../arm-none-eabi/lib/armv7e-m/libc.a(lib_a-wbuf.o)
 .text          0x00000000080117a0        0x0 /usr/lib/gcc/arm-none-eabi/4.9.3/../../../arm-none-eabi/lib/armv7e-m/libc.a(lib_a-wcrtomb.o)
 .text          0x00000000080117a0        0x0 /usr/lib/gcc/arm-none-eabi/4.9.3/../../../arm-none-eabi/lib/armv7e-m/libc.a(lib_a-wctomb_r.o)
 .text          0x00000000080117a0      0x110 /usr/lib/gcc/arm-none-eabi/4.9.3/armv7e-m/libgcc.a(_arm_cmpdf2.o)
                0x00000000080117a0                __gtdf2
                0x00000000080117a0                __gedf2
                0x00000000080117a8                __ltdf2
                0x00000000080117a8                __ledf2
                0x00000000080117b0                __cmpdf2
                0x00000000080117b0                __eqdf2
                0x00000000080117b0                __nedf2
                0x000000000801182c                __aeabi_cdrcmple
                0x000000000801183c                __aeabi_cdcmple
                0x000000000801183c                __aeabi_cdcmpeq
                0x000000000801184c                __aeabi_dcmpeq
                0x0000000008011860                __aeabi_dcmplt
                0x0000000008011874                __aeabi_dcmple
                0x0000000008011888                __aeabi_dcmpge
                0x000000000801189c                __aeabi_dcmpgt
 .text          0x00000000080118b0       0x50 /usr/lib/gcc/arm-none-eabi/4.9.3/armv7e-m/libgcc.a(_arm_fixdfsi.o)
                0x00000000080118b0                __fixdfsi
                0x00000000080118b0                __aeabi_d2iz
 *(.text.*)
 .text.Reset_Handler
                0x0000000008011900       0x44 ../Libraries/CMSIS/Device/ST/STM32F4xx/Source/Templates/gcc_ride7/startup_stm32f4xx.o
                0x0000000008011900                Reset_Handler
 .text.Default_Handler
                0x0000000008011944        0x2 ../Libraries/CMSIS/Device/ST/STM32F4xx/Source/Templates/gcc_ride7/startup_stm32f4xx.o
                0x0000000008011944                RTC_Alarm_IRQHandler
                0x0000000008011944                HASH_RNG_IRQHandler
                0x0000000008011944                EXTI2_IRQHandler
                0x0000000008011944                TIM8_CC_IRQHandler
                0x0000000008011944                TIM1_CC_IRQHandler
                0x0000000008011944                DMA2_Stream5_IRQHandler
                0x0000000008011944                DMA1_Stream5_IRQHandler
                0x0000000008011944                PVD_IRQHandler
                0x0000000008011944                SDIO_IRQHandler
                0x0000000008011944                TAMP_STAMP_IRQHandler
                0x0000000008011944                CAN2_RX1_IRQHandler
                0x0000000008011944                EXTI3_IRQHandler
                0x0000000008011944                TIM8_TRG_COM_TIM14_IRQHandler
                0x0000000008011944                TIM1_UP_TIM10_IRQHandler
                0x0000000008011944                TIM8_UP_TIM13_IRQHandler
                0x0000000008011944                I2C3_ER_IRQHandler
                0x0000000008011944                EXTI0_IRQHandler
                0x0000000008011944                I2C2_EV_IRQHandler
                0x0000000008011944                DMA1_Stream2_IRQHandler
                0x0000000008011944                CAN1_RX0_IRQHandler
                0x0000000008011944                FPU_IRQHandler
                0x0000000008011944                OTG_HS_WKUP_IRQHandler
                0x0000000008011944                CAN2_SCE_IRQHandler
                0x0000000008011944                DMA2_Stream2_IRQHandler
                0x0000000008011944                SPI1_IRQHandler
                0x0000000008011944                TIM6_DAC_IRQHandler
                0x0000000008011944                TIM1_BRK_TIM9_IRQHandler
                0x0000000008011944                DCMI_IRQHandler
                0x0000000008011944                CAN2_RX0_IRQHandler
                0x0000000008011944                DMA2_Stream3_IRQHandler
                0x0000000008011944                USART6_IRQHandler
                0x0000000008011944                USART3_IRQHandler
                0x0000000008011944                CRYP_IRQHandler
                0x0000000008011944                CAN1_RX1_IRQHandler
                0x0000000008011944                UART5_IRQHandler
                0x0000000008011944                TIM4_IRQHandler
                0x0000000008011944                I2C1_EV_IRQHandler
                0x0000000008011944                DMA1_Stream6_IRQHandler
                0x0000000008011944                DMA1_Stream1_IRQHandler
                0x0000000008011944                UART4_IRQHandler
                0x0000000008011944                TIM3_IRQHandler
                0x0000000008011944                RCC_IRQHandler
                0x0000000008011944                TIM8_BRK_TIM12_IRQHandler
                0x0000000008011944                Default_Handler
                0x0000000008011944                EXTI15_10_IRQHandler
                0x0000000008011944                ADC_IRQHandler
                0x0000000008011944                DMA1_Stream7_IRQHandler
                0x0000000008011944                TIM7_IRQHandler
                0x0000000008011944                CAN2_TX_IRQHandler
                0x0000000008011944                TIM5_IRQHandler
                0x0000000008011944                DMA2_Stream7_IRQHandler
                0x0000000008011944                I2C3_EV_IRQHandler
                0x0000000008011944                EXTI9_5_IRQHandler
                0x0000000008011944                RTC_WKUP_IRQHandler
                0x0000000008011944                ETH_WKUP_IRQHandler
                0x0000000008011944                SPI2_IRQHandler
                0x0000000008011944                OTG_HS_EP1_IN_IRQHandler
                0x0000000008011944                DMA1_Stream0_IRQHandler
                0x0000000008011944                CAN1_TX_IRQHandler
                0x0000000008011944                EXTI4_IRQHandler
                0x0000000008011944                FSMC_IRQHandler
                0x0000000008011944                ETH_IRQHandler
                0x0000000008011944                OTG_HS_EP1_OUT_IRQHandler
                0x0000000008011944                WWDG_IRQHandler
                0x0000000008011944                TIM2_IRQHandler
                0x0000000008011944                OTG_FS_WKUP_IRQHandler
                0x0000000008011944                TIM1_TRG_COM_TIM11_IRQHandler
                0x0000000008011944                OTG_HS_IRQHandler
                0x0000000008011944                EXTI1_IRQHandler
                0x0000000008011944                USART2_IRQHandler
                0x0000000008011944                I2C2_ER_IRQHandler
                0x0000000008011944                DMA2_Stream1_IRQHandler
                0x0000000008011944                CAN1_SCE_IRQHandler
                0x0000000008011944                FLASH_IRQHandler
                0x0000000008011944                DMA2_Stream4_IRQHandler
                0x0000000008011944                USART1_IRQHandler
                0x0000000008011944                OTG_FS_IRQHandler
                0x0000000008011944                SPI3_IRQHandler
                0x0000000008011944                DMA1_Stream4_IRQHandler
                0x0000000008011944                I2C1_ER_IRQHandler
                0x0000000008011944                DMA2_Stream6_IRQHandler
                0x0000000008011944                DMA1_Stream3_IRQHandler
 *fill*         0x0000000008011946        0x2 
 .text.startup  0x0000000008011948       0x5c build/main.o
                0x0000000008011948                main
 .text.abort    0x00000000080119a4       0x10 /usr/lib/gcc/arm-none-eabi/4.9.3/../../../arm-none-eabi/lib/armv7e-m/libc.a(lib_a-abort.o)
                0x00000000080119a4                abort
 .text.atof     0x00000000080119b4        0x8 /usr/lib/gcc/arm-none-eabi/4.9.3/../../../arm-none-eabi/lib/armv7e-m/libc.a(lib_a-atof.o)
                0x00000000080119b4                atof
 .text.atoi     0x00000000080119bc        0x8 /usr/lib/gcc/arm-none-eabi/4.9.3/../../../arm-none-eabi/lib/armv7e-m/libc.a(lib_a-atoi.o)
                0x00000000080119bc                atoi
 .text._atoi_r  0x00000000080119c4        0x8 /usr/lib/gcc/arm-none-eabi/4.9.3/../../../arm-none-eabi/lib/armv7e-m/libc.a(lib_a-atoi.o)
                0x00000000080119c4                _atoi_r
 .text.__sflush_r
                0x00000000080119cc      0x154 /usr/lib/gcc/arm-none-eabi/4.9.3/../../../arm-none-eabi/lib/armv7e-m/libc.a(lib_a-fflush.o)
                0x00000000080119cc                __sflush_r
 .text._fflush_r
                0x0000000008011b20       0x2c /usr/lib/gcc/arm-none-eabi/4.9.3/../../../arm-none-eabi/lib/armv7e-m/libc.a(lib_a-fflush.o)
                0x0000000008011b20                _fflush_r
 .text.fflush   0x0000000008011b4c       0x24 /usr/lib/gcc/arm-none-eabi/4.9.3/../../../arm-none-eabi/lib/armv7e-m/libc.a(lib_a-fflush.o)
                0x0000000008011b4c                fflush
 .text.__fp_lock
                0x0000000008011b70        0x4 /usr/lib/gcc/arm-none-eabi/4.9.3/../../../arm-none-eabi/lib/armv7e-m/libc.a(lib_a-findfp.o)
 .text.__fp_unlock
                0x0000000008011b74        0x4 /usr/lib/gcc/arm-none-eabi/4.9.3/../../../arm-none-eabi/lib/armv7e-m/libc.a(lib_a-findfp.o)
 .text._cleanup_r
                0x0000000008011b78        0xc /usr/lib/gcc/arm-none-eabi/4.9.3/../../../arm-none-eabi/lib/armv7e-m/libc.a(lib_a-findfp.o)
                0x0000000008011b78                _cleanup_r
 .text.__sinit.part.1
                0x0000000008011b84       0xf0 /usr/lib/gcc/arm-none-eabi/4.9.3/../../../arm-none-eabi/lib/armv7e-m/libc.a(lib_a-findfp.o)
 .text.__sfmoreglue
                0x0000000008011c74       0x30 /usr/lib/gcc/arm-none-eabi/4.9.3/../../../arm-none-eabi/lib/armv7e-m/libc.a(lib_a-findfp.o)
                0x0000000008011c74                __sfmoreglue
 .text.__sfp    0x0000000008011ca4       0x88 /usr/lib/gcc/arm-none-eabi/4.9.3/../../../arm-none-eabi/lib/armv7e-m/libc.a(lib_a-findfp.o)
                0x0000000008011ca4                __sfp
 .text._cleanup
                0x0000000008011d2c       0x14 /usr/lib/gcc/arm-none-eabi/4.9.3/../../../arm-none-eabi/lib/armv7e-m/libc.a(lib_a-findfp.o)
                0x0000000008011d2c                _cleanup
 .text.__sinit  0x0000000008011d40        0xc /usr/lib/gcc/arm-none-eabi/4.9.3/../../../arm-none-eabi/lib/armv7e-m/libc.a(lib_a-findfp.o)
                0x0000000008011d40                __sinit
 .text.__sfp_lock_acquire
                0x0000000008011d4c        0x4 /usr/lib/gcc/arm-none-eabi/4.9.3/../../../arm-none-eabi/lib/armv7e-m/libc.a(lib_a-findfp.o)
                0x0000000008011d4c                __sfp_lock_acquire
 .text.__sfp_lock_release
                0x0000000008011d50        0x4 /usr/lib/gcc/arm-none-eabi/4.9.3/../../../arm-none-eabi/lib/armv7e-m/libc.a(lib_a-findfp.o)
                0x0000000008011d50                __sfp_lock_release
 .text.__sinit_lock_acquire
                0x0000000008011d54        0x4 /usr/lib/gcc/arm-none-eabi/4.9.3/../../../arm-none-eabi/lib/armv7e-m/libc.a(lib_a-findfp.o)
                0x0000000008011d54                __sinit_lock_acquire
 .text.__sinit_lock_release
                0x0000000008011d58        0x4 /usr/lib/gcc/arm-none-eabi/4.9.3/../../../arm-none-eabi/lib/armv7e-m/libc.a(lib_a-findfp.o)
                0x0000000008011d58                __sinit_lock_release
 .text.__fp_lock_all
                0x0000000008011d5c       0x14 /usr/lib/gcc/arm-none-eabi/4.9.3/../../../arm-none-eabi/lib/armv7e-m/libc.a(lib_a-findfp.o)
                0x0000000008011d5c                __fp_lock_all
 .text.__fp_unlock_all
                0x0000000008011d70       0x14 /usr/lib/gcc/arm-none-eabi/4.9.3/../../../arm-none-eabi/lib/armv7e-m/libc.a(lib_a-findfp.o)
                0x0000000008011d70                __fp_unlock_all
 .text._malloc_trim_r
                0x0000000008011d84       0x9c /usr/lib/gcc/arm-none-eabi/4.9.3/../../../arm-none-eabi/lib/armv7e-m/libc.a(lib_a-freer.o)
                0x0000000008011d84                _malloc_trim_r
 .text._free_r  0x0000000008011e20      0x1b0 /usr/lib/gcc/arm-none-eabi/4.9.3/../../../arm-none-eabi/lib/armv7e-m/libc.a(lib_a-freer.o)
                0x0000000008011e20                _free_r
 .text._fwalk   0x0000000008011fd0       0x4c /usr/lib/gcc/arm-none-eabi/4.9.3/../../../arm-none-eabi/lib/armv7e-m/libc.a(lib_a-fwalk.o)
                0x0000000008011fd0                _fwalk
 .text._fwalk_reent
                0x000000000801201c       0x54 /usr/lib/gcc/arm-none-eabi/4.9.3/../../../arm-none-eabi/lib/armv7e-m/libc.a(lib_a-fwalk.o)
                0x000000000801201c                _fwalk_reent
 .text._malloc_r
                0x0000000008012070      0x524 /usr/lib/gcc/arm-none-eabi/4.9.3/../../../arm-none-eabi/lib/armv7e-m/libc.a(lib_a-mallocr.o)
                0x0000000008012070                _malloc_r
 .text.memset   0x0000000008012594       0x9c /usr/lib/gcc/arm-none-eabi/4.9.3/../../../arm-none-eabi/lib/armv7e-m/libc.a(lib_a-memset.o)
                0x0000000008012594                memset
 .text.__malloc_lock
                0x0000000008012630        0x4 /usr/lib/gcc/arm-none-eabi/4.9.3/../../../arm-none-eabi/lib/armv7e-m/libc.a(lib_a-mlock.o)
                0x0000000008012630                __malloc_lock
 .text.__malloc_unlock
                0x0000000008012634        0x4 /usr/lib/gcc/arm-none-eabi/4.9.3/../../../arm-none-eabi/lib/armv7e-m/libc.a(lib_a-mlock.o)
                0x0000000008012634                __malloc_unlock
 .text._printf_r
                0x0000000008012638       0x20 /usr/lib/gcc/arm-none-eabi/4.9.3/../../../arm-none-eabi/lib/armv7e-m/libc.a(lib_a-printf.o)
                0x0000000008012638                _printf_r
 .text.printf   0x0000000008012658       0x28 /usr/lib/gcc/arm-none-eabi/4.9.3/../../../arm-none-eabi/lib/armv7e-m/libc.a(lib_a-printf.o)
                0x0000000008012658                printf
 .text._puts_r  0x0000000008012680       0x64 /usr/lib/gcc/arm-none-eabi/4.9.3/../../../arm-none-eabi/lib/armv7e-m/libc.a(lib_a-puts.o)
                0x0000000008012680                _puts_r
 .text.puts     0x00000000080126e4       0x10 /usr/lib/gcc/arm-none-eabi/4.9.3/../../../arm-none-eabi/lib/armv7e-m/libc.a(lib_a-puts.o)
                0x00000000080126e4                puts
 .text.cleanup_glue
                0x00000000080126f4       0x1c /usr/lib/gcc/arm-none-eabi/4.9.3/../../../arm-none-eabi/lib/armv7e-m/libc.a(lib_a-reent.o)
                0x00000000080126f4                cleanup_glue
 .text._reclaim_reent
                0x0000000008012710       0x88 /usr/lib/gcc/arm-none-eabi/4.9.3/../../../arm-none-eabi/lib/armv7e-m/libc.a(lib_a-reent.o)
                0x0000000008012710                _reclaim_reent
 .text._sbrk_r  0x0000000008012798       0x24 /usr/lib/gcc/arm-none-eabi/4.9.3/../../../arm-none-eabi/lib/armv7e-m/libc.a(lib_a-sbrkr.o)
                0x0000000008012798                _sbrk_r
 .text._init_signal_r
                0x00000000080127bc       0x38 /usr/lib/gcc/arm-none-eabi/4.9.3/../../../arm-none-eabi/lib/armv7e-m/libc.a(lib_a-signal.o)
                0x00000000080127bc                _init_signal_r
 .text._signal_r
                0x00000000080127f4       0x38 /usr/lib/gcc/arm-none-eabi/4.9.3/../../../arm-none-eabi/lib/armv7e-m/libc.a(lib_a-signal.o)
                0x00000000080127f4                _signal_r
 .text._raise_r
                0x000000000801282c       0x58 /usr/lib/gcc/arm-none-eabi/4.9.3/../../../arm-none-eabi/lib/armv7e-m/libc.a(lib_a-signal.o)
                0x000000000801282c                _raise_r
 .text.__sigtramp_r
                0x0000000008012884       0x54 /usr/lib/gcc/arm-none-eabi/4.9.3/../../../arm-none-eabi/lib/armv7e-m/libc.a(lib_a-signal.o)
                0x0000000008012884                __sigtramp_r
 .text.raise    0x00000000080128d8       0x10 /usr/lib/gcc/arm-none-eabi/4.9.3/../../../arm-none-eabi/lib/armv7e-m/libc.a(lib_a-signal.o)
                0x00000000080128d8                raise
 .text.signal   0x00000000080128e8       0x10 /usr/lib/gcc/arm-none-eabi/4.9.3/../../../arm-none-eabi/lib/armv7e-m/libc.a(lib_a-signal.o)
                0x00000000080128e8                signal
 .text._init_signal
                0x00000000080128f8        0xc /usr/lib/gcc/arm-none-eabi/4.9.3/../../../arm-none-eabi/lib/armv7e-m/libc.a(lib_a-signal.o)
                0x00000000080128f8                _init_signal
 .text.__sigtramp
                0x0000000008012904       0x10 /usr/lib/gcc/arm-none-eabi/4.9.3/../../../arm-none-eabi/lib/armv7e-m/libc.a(lib_a-signal.o)
                0x0000000008012904                __sigtramp
 .text._kill_r  0x0000000008012914       0x28 /usr/lib/gcc/arm-none-eabi/4.9.3/../../../arm-none-eabi/lib/armv7e-m/libc.a(lib_a-signalr.o)
                0x0000000008012914                _kill_r
 .text._getpid_r
                0x000000000801293c        0x4 /usr/lib/gcc/arm-none-eabi/4.9.3/../../../arm-none-eabi/lib/armv7e-m/libc.a(lib_a-signalr.o)
                0x000000000801293c                _getpid_r
 .text.__sread  0x0000000008012940       0x24 /usr/lib/gcc/arm-none-eabi/4.9.3/../../../arm-none-eabi/lib/armv7e-m/libc.a(lib_a-stdio.o)
                0x0000000008012940                __sread
 .text.__seofread
                0x0000000008012964        0x4 /usr/lib/gcc/arm-none-eabi/4.9.3/../../../arm-none-eabi/lib/armv7e-m/libc.a(lib_a-stdio.o)
                0x0000000008012964                __seofread
 .text.__swrite
                0x0000000008012968       0x38 /usr/lib/gcc/arm-none-eabi/4.9.3/../../../arm-none-eabi/lib/armv7e-m/libc.a(lib_a-stdio.o)
                0x0000000008012968                __swrite
 .text.__sseek  0x00000000080129a0       0x20 /usr/lib/gcc/arm-none-eabi/4.9.3/../../../arm-none-eabi/lib/armv7e-m/libc.a(lib_a-stdio.o)
                0x00000000080129a0                __sseek
 .text.__sclose
                0x00000000080129c0        0x8 /usr/lib/gcc/arm-none-eabi/4.9.3/../../../arm-none-eabi/lib/armv7e-m/libc.a(lib_a-stdio.o)
                0x00000000080129c0                __sclose
 .text.strlen   0x00000000080129c8       0x5c /usr/lib/gcc/arm-none-eabi/4.9.3/../../../arm-none-eabi/lib/armv7e-m/libc.a(lib_a-strlen.o)
                0x00000000080129c8                strlen
 .text.strncmp  0x0000000008012a24       0x98 /usr/lib/gcc/arm-none-eabi/4.9.3/../../../arm-none-eabi/lib/armv7e-m/libc.a(lib_a-strncmp.o)
                0x0000000008012a24                strncmp
 .text.strncpy  0x0000000008012abc       0x68 /usr/lib/gcc/arm-none-eabi/4.9.3/../../../arm-none-eabi/lib/armv7e-m/libc.a(lib_a-strncpy.o)
                0x0000000008012abc                strncpy
 .text.sulp     0x0000000008012b24       0x44 /usr/lib/gcc/arm-none-eabi/4.9.3/../../../arm-none-eabi/lib/armv7e-m/libc.a(lib_a-strtod.o)
 .text._strtod_r
                0x0000000008012b68      0xf28 /usr/lib/gcc/arm-none-eabi/4.9.3/../../../arm-none-eabi/lib/armv7e-m/libc.a(lib_a-strtod.o)
                0x0000000008012b68                _strtod_r
 .text.strtod   0x0000000008013a90       0x10 /usr/lib/gcc/arm-none-eabi/4.9.3/../../../arm-none-eabi/lib/armv7e-m/libc.a(lib_a-strtod.o)
                0x0000000008013a90                strtod
 .text.strtof   0x0000000008013aa0       0x30 /usr/lib/gcc/arm-none-eabi/4.9.3/../../../arm-none-eabi/lib/armv7e-m/libc.a(lib_a-strtod.o)
                0x0000000008013aa0                strtof
 .text._strtol_r
                0x0000000008013ad0      0x11c /usr/lib/gcc/arm-none-eabi/4.9.3/../../../arm-none-eabi/lib/armv7e-m/libc.a(lib_a-strtol.o)
                0x0000000008013ad0                _strtol_r
 .text.strtol   0x0000000008013bec       0x18 /usr/lib/gcc/arm-none-eabi/4.9.3/../../../arm-none-eabi/lib/armv7e-m/libc.a(lib_a-strtol.o)
                0x0000000008013bec                strtol
 .text.write    0x0000000008013c04       0x18 /usr/lib/gcc/arm-none-eabi/4.9.3/../../../arm-none-eabi/lib/armv7e-m/libc.a(lib_a-syswrite.o)
                0x0000000008013c04                write
 .text._vfprintf_r
                0x0000000008013c1c     0x13e8 /usr/lib/gcc/arm-none-eabi/4.9.3/../../../arm-none-eabi/lib/armv7e-m/libc.a(lib_a-vfprintf.o)
                0x0000000008013c1c                _vfprintf_r
 .text.vfprintf
                0x0000000008015004       0x18 /usr/lib/gcc/arm-none-eabi/4.9.3/../../../arm-none-eabi/lib/armv7e-m/libc.a(lib_a-vfprintf.o)
                0x0000000008015004                vfprintf
 .text.__sbprintf
                0x000000000801501c       0x78 /usr/lib/gcc/arm-none-eabi/4.9.3/../../../arm-none-eabi/lib/armv7e-m/libc.a(lib_a-vfprintf.o)
 .text._write_r
                0x0000000008015094       0x28 /usr/lib/gcc/arm-none-eabi/4.9.3/../../../arm-none-eabi/lib/armv7e-m/libc.a(lib_a-writer.o)
                0x0000000008015094                _write_r
 .text.__swsetup_r
                0x00000000080150bc       0xc4 /usr/lib/gcc/arm-none-eabi/4.9.3/../../../arm-none-eabi/lib/armv7e-m/libc.a(lib_a-wsetup.o)
                0x00000000080150bc                __swsetup_r
 .text._close_r
                0x0000000008015180       0x24 /usr/lib/gcc/arm-none-eabi/4.9.3/../../../arm-none-eabi/lib/armv7e-m/libc.a(lib_a-closer.o)
                0x0000000008015180                _close_r
 .text.quorem   0x00000000080151a4      0x12c /usr/lib/gcc/arm-none-eabi/4.9.3/../../../arm-none-eabi/lib/armv7e-m/libc.a(lib_a-dtoa.o)
 .text._dtoa_r  0x00000000080152d0      0xe98 /usr/lib/gcc/arm-none-eabi/4.9.3/../../../arm-none-eabi/lib/armv7e-m/libc.a(lib_a-dtoa.o)
                0x00000000080152d0                _dtoa_r
 .text._fclose_r
                0x0000000008016168       0x84 /usr/lib/gcc/arm-none-eabi/4.9.3/../../../arm-none-eabi/lib/armv7e-m/libc.a(lib_a-fclose.o)
                0x0000000008016168                _fclose_r
 .text.fclose   0x00000000080161ec       0x10 /usr/lib/gcc/arm-none-eabi/4.9.3/../../../arm-none-eabi/lib/armv7e-m/libc.a(lib_a-fclose.o)
                0x00000000080161ec                fclose
 .text.__sfvwrite_r
                0x00000000080161fc      0x318 /usr/lib/gcc/arm-none-eabi/4.9.3/../../../arm-none-eabi/lib/armv7e-m/libc.a(lib_a-fvwrite.o)
                0x00000000080161fc                __sfvwrite_r
 .text.rshift   0x0000000008016514       0xa0 /usr/lib/gcc/arm-none-eabi/4.9.3/../../../arm-none-eabi/lib/armv7e-m/libc.a(lib_a-gdtoa-gethex.o)
 .text.__gethex
                0x00000000080165b4      0x514 /usr/lib/gcc/arm-none-eabi/4.9.3/../../../arm-none-eabi/lib/armv7e-m/libc.a(lib_a-gdtoa-gethex.o)
                0x00000000080165b4                __gethex
 .text.__hexnan
                0x0000000008016ac8      0x184 /usr/lib/gcc/arm-none-eabi/4.9.3/../../../arm-none-eabi/lib/armv7e-m/libc.a(lib_a-gdtoa-hexnan.o)
                0x0000000008016ac8                __hexnan
 .text._setlocale_r
                0x0000000008016c4c       0x44 /usr/lib/gcc/arm-none-eabi/4.9.3/../../../arm-none-eabi/lib/armv7e-m/libc.a(lib_a-locale.o)
                0x0000000008016c4c                _setlocale_r
 .text.__locale_charset
                0x0000000008016c90        0x8 /usr/lib/gcc/arm-none-eabi/4.9.3/../../../arm-none-eabi/lib/armv7e-m/libc.a(lib_a-locale.o)
                0x0000000008016c90                __locale_charset
 .text.__locale_mb_cur_max
                0x0000000008016c98        0xc /usr/lib/gcc/arm-none-eabi/4.9.3/../../../arm-none-eabi/lib/armv7e-m/libc.a(lib_a-locale.o)
                0x0000000008016c98                __locale_mb_cur_max
 .text.__locale_msgcharset
                0x0000000008016ca4        0x8 /usr/lib/gcc/arm-none-eabi/4.9.3/../../../arm-none-eabi/lib/armv7e-m/libc.a(lib_a-locale.o)
                0x0000000008016ca4                __locale_msgcharset
 .text.__locale_cjk_lang
                0x0000000008016cac        0x4 /usr/lib/gcc/arm-none-eabi/4.9.3/../../../arm-none-eabi/lib/armv7e-m/libc.a(lib_a-locale.o)
                0x0000000008016cac                __locale_cjk_lang
 .text._localeconv_r
                0x0000000008016cb0        0x8 /usr/lib/gcc/arm-none-eabi/4.9.3/../../../arm-none-eabi/lib/armv7e-m/libc.a(lib_a-locale.o)
                0x0000000008016cb0                _localeconv_r
 .text.setlocale
                0x0000000008016cb8       0x10 /usr/lib/gcc/arm-none-eabi/4.9.3/../../../arm-none-eabi/lib/armv7e-m/libc.a(lib_a-locale.o)
                0x0000000008016cb8                setlocale
 .text.localeconv
                0x0000000008016cc8        0x8 /usr/lib/gcc/arm-none-eabi/4.9.3/../../../arm-none-eabi/lib/armv7e-m/libc.a(lib_a-locale.o)
                0x0000000008016cc8                localeconv
 .text._lseek_r
                0x0000000008016cd0       0x28 /usr/lib/gcc/arm-none-eabi/4.9.3/../../../arm-none-eabi/lib/armv7e-m/libc.a(lib_a-lseekr.o)
                0x0000000008016cd0                _lseek_r
 .text.__smakebuf_r
                0x0000000008016cf8       0xe0 /usr/lib/gcc/arm-none-eabi/4.9.3/../../../arm-none-eabi/lib/armv7e-m/libc.a(lib_a-makebuf.o)
                0x0000000008016cf8                __smakebuf_r
 .text.memchr   0x0000000008016dd8       0x94 /usr/lib/gcc/arm-none-eabi/4.9.3/../../../arm-none-eabi/lib/armv7e-m/libc.a(lib_a-memchr.o)
                0x0000000008016dd8                memchr
 .text.memmove  0x0000000008016e6c       0xc8 /usr/lib/gcc/arm-none-eabi/4.9.3/../../../arm-none-eabi/lib/armv7e-m/libc.a(lib_a-memmove.o)
                0x0000000008016e6c                memmove
 .text._Balloc  0x0000000008016f34       0x4c /usr/lib/gcc/arm-none-eabi/4.9.3/../../../arm-none-eabi/lib/armv7e-m/libc.a(lib_a-mprec.o)
                0x0000000008016f34                _Balloc
 .text._Bfree   0x0000000008016f80       0x14 /usr/lib/gcc/arm-none-eabi/4.9.3/../../../arm-none-eabi/lib/armv7e-m/libc.a(lib_a-mprec.o)
                0x0000000008016f80                _Bfree
 .text.__multadd
                0x0000000008016f94       0x84 /usr/lib/gcc/arm-none-eabi/4.9.3/../../../arm-none-eabi/lib/armv7e-m/libc.a(lib_a-mprec.o)
                0x0000000008016f94                __multadd
 .text.__s2b    0x0000000008017018       0x98 /usr/lib/gcc/arm-none-eabi/4.9.3/../../../arm-none-eabi/lib/armv7e-m/libc.a(lib_a-mprec.o)
                0x0000000008017018                __s2b
 .text.__hi0bits
                0x00000000080170b0       0x40 /usr/lib/gcc/arm-none-eabi/4.9.3/../../../arm-none-eabi/lib/armv7e-m/libc.a(lib_a-mprec.o)
                0x00000000080170b0                __hi0bits
 .text.__lo0bits
                0x00000000080170f0       0x5c /usr/lib/gcc/arm-none-eabi/4.9.3/../../../arm-none-eabi/lib/armv7e-m/libc.a(lib_a-mprec.o)
                0x00000000080170f0                __lo0bits
 .text.__i2b    0x000000000801714c       0x14 /usr/lib/gcc/arm-none-eabi/4.9.3/../../../arm-none-eabi/lib/armv7e-m/libc.a(lib_a-mprec.o)
                0x000000000801714c                __i2b
 .text.__multiply
                0x0000000008017160      0x134 /usr/lib/gcc/arm-none-eabi/4.9.3/../../../arm-none-eabi/lib/armv7e-m/libc.a(lib_a-mprec.o)
                0x0000000008017160                __multiply
 .text.__pow5mult
                0x0000000008017294       0xa0 /usr/lib/gcc/arm-none-eabi/4.9.3/../../../arm-none-eabi/lib/armv7e-m/libc.a(lib_a-mprec.o)
                0x0000000008017294                __pow5mult
 .text.__lshift
                0x0000000008017334       0xac /usr/lib/gcc/arm-none-eabi/4.9.3/../../../arm-none-eabi/lib/armv7e-m/libc.a(lib_a-mprec.o)
                0x0000000008017334                __lshift
 .text.__mcmp   0x00000000080173e0       0x48 /usr/lib/gcc/arm-none-eabi/4.9.3/../../../arm-none-eabi/lib/armv7e-m/libc.a(lib_a-mprec.o)
                0x00000000080173e0                __mcmp
 .text.__mdiff  0x0000000008017428       0xd4 /usr/lib/gcc/arm-none-eabi/4.9.3/../../../arm-none-eabi/lib/armv7e-m/libc.a(lib_a-mprec.o)
                0x0000000008017428                __mdiff
 .text.__ulp    0x00000000080174fc       0x40 /usr/lib/gcc/arm-none-eabi/4.9.3/../../../arm-none-eabi/lib/armv7e-m/libc.a(lib_a-mprec.o)
                0x00000000080174fc                __ulp
 .text.__b2d    0x000000000801753c       0xc4 /usr/lib/gcc/arm-none-eabi/4.9.3/../../../arm-none-eabi/lib/armv7e-m/libc.a(lib_a-mprec.o)
                0x000000000801753c                __b2d
 .text.__d2b    0x0000000008017600       0xb8 /usr/lib/gcc/arm-none-eabi/4.9.3/../../../arm-none-eabi/lib/armv7e-m/libc.a(lib_a-mprec.o)
                0x0000000008017600                __d2b
 .text.__ratio  0x00000000080176b8       0x58 /usr/lib/gcc/arm-none-eabi/4.9.3/../../../arm-none-eabi/lib/armv7e-m/libc.a(lib_a-mprec.o)
                0x00000000080176b8                __ratio
 .text._mprec_log10
                0x0000000008017710       0x34 /usr/lib/gcc/arm-none-eabi/4.9.3/../../../arm-none-eabi/lib/armv7e-m/libc.a(lib_a-mprec.o)
                0x0000000008017710                _mprec_log10
 .text.__copybits
                0x0000000008017744       0x48 /usr/lib/gcc/arm-none-eabi/4.9.3/../../../arm-none-eabi/lib/armv7e-m/libc.a(lib_a-mprec.o)
                0x0000000008017744                __copybits
 .text.__any_on
                0x000000000801778c       0x60 /usr/lib/gcc/arm-none-eabi/4.9.3/../../../arm-none-eabi/lib/armv7e-m/libc.a(lib_a-mprec.o)
                0x000000000801778c                __any_on
 .text._read_r  0x00000000080177ec       0x28 /usr/lib/gcc/arm-none-eabi/4.9.3/../../../arm-none-eabi/lib/armv7e-m/libc.a(lib_a-readr.o)
                0x00000000080177ec                _read_r
 .text._realloc_r
                0x0000000008017814      0x3ec /usr/lib/gcc/arm-none-eabi/4.9.3/../../../arm-none-eabi/lib/armv7e-m/libc.a(lib_a-reallocr.o)
                0x0000000008017814                _realloc_r
 .text.__fpclassifyd
                0x0000000008017c00       0x58 /usr/lib/gcc/arm-none-eabi/4.9.3/../../../arm-none-eabi/lib/armv7e-m/libc.a(lib_a-s_fpclassify.o)
                0x0000000008017c00                __fpclassifyd
 .text.nanf     0x0000000008017c58        0x8 /usr/lib/gcc/arm-none-eabi/4.9.3/../../../arm-none-eabi/lib/armv7e-m/libc.a(lib_a-sf_nan.o)
                0x0000000008017c58                nanf
 .text.__sprint_r.part.0
                0x0000000008017c60       0x78 /usr/lib/gcc/arm-none-eabi/4.9.3/../../../arm-none-eabi/lib/armv7e-m/libc.a(lib_a-vfiprintf.o)
 .text.__sprint_r
                0x0000000008017cd8       0x18 /usr/lib/gcc/arm-none-eabi/4.9.3/../../../arm-none-eabi/lib/armv7e-m/libc.a(lib_a-vfiprintf.o)
                0x0000000008017cd8                __sprint_r
 .text._vfiprintf_r
                0x0000000008017cf0      0xc10 /usr/lib/gcc/arm-none-eabi/4.9.3/../../../arm-none-eabi/lib/armv7e-m/libc.a(lib_a-vfiprintf.o)
                0x0000000008017cf0                _vfiprintf_r
 .text.vfiprintf
                0x0000000008018900       0x18 /usr/lib/gcc/arm-none-eabi/4.9.3/../../../arm-none-eabi/lib/armv7e-m/libc.a(lib_a-vfiprintf.o)
                0x0000000008018900                vfiprintf
 .text.__sbprintf
                0x0000000008018918       0x78 /usr/lib/gcc/arm-none-eabi/4.9.3/../../../arm-none-eabi/lib/armv7e-m/libc.a(lib_a-vfiprintf.o)
 .text._calloc_r
                0x0000000008018990       0x60 /usr/lib/gcc/arm-none-eabi/4.9.3/../../../arm-none-eabi/lib/armv7e-m/libc.a(lib_a-callocr.o)
                0x0000000008018990                _calloc_r
 .text.__fputwc
                0x00000000080189f0       0xb0 /usr/lib/gcc/arm-none-eabi/4.9.3/../../../arm-none-eabi/lib/armv7e-m/libc.a(lib_a-fputwc.o)
                0x00000000080189f0                __fputwc
 .text._fputwc_r
                0x0000000008018aa0       0x24 /usr/lib/gcc/arm-none-eabi/4.9.3/../../../arm-none-eabi/lib/armv7e-m/libc.a(lib_a-fputwc.o)
                0x0000000008018aa0                _fputwc_r
 .text.fputwc   0x0000000008018ac4       0x28 /usr/lib/gcc/arm-none-eabi/4.9.3/../../../arm-none-eabi/lib/armv7e-m/libc.a(lib_a-fputwc.o)
                0x0000000008018ac4                fputwc
 .text._fstat_r
                0x0000000008018aec       0x28 /usr/lib/gcc/arm-none-eabi/4.9.3/../../../arm-none-eabi/lib/armv7e-m/libc.a(lib_a-fstatr.o)
                0x0000000008018aec                _fstat_r
 .text._isatty_r
                0x0000000008018b14       0x24 /usr/lib/gcc/arm-none-eabi/4.9.3/../../../arm-none-eabi/lib/armv7e-m/libc.a(lib_a-isattyr.o)
                0x0000000008018b14                _isatty_r
 .text.__swbuf_r
                0x0000000008018b38       0xa8 /usr/lib/gcc/arm-none-eabi/4.9.3/../../../arm-none-eabi/lib/armv7e-m/libc.a(lib_a-wbuf.o)
                0x0000000008018b38                __swbuf_r
 .text.__swbuf  0x0000000008018be0       0x10 /usr/lib/gcc/arm-none-eabi/4.9.3/../../../arm-none-eabi/lib/armv7e-m/libc.a(lib_a-wbuf.o)
                0x0000000008018be0                __swbuf
 .text._wcrtomb_r
                0x0000000008018bf0       0x54 /usr/lib/gcc/arm-none-eabi/4.9.3/../../../arm-none-eabi/lib/armv7e-m/libc.a(lib_a-wcrtomb.o)
                0x0000000008018bf0                _wcrtomb_r
 .text.wcrtomb  0x0000000008018c44       0x58 /usr/lib/gcc/arm-none-eabi/4.9.3/../../../arm-none-eabi/lib/armv7e-m/libc.a(lib_a-wcrtomb.o)
                0x0000000008018c44                wcrtomb
 .text.__ascii_wctomb
                0x0000000008018c9c       0x1c /usr/lib/gcc/arm-none-eabi/4.9.3/../../../arm-none-eabi/lib/armv7e-m/libc.a(lib_a-wctomb_r.o)
                0x0000000008018c9c                __ascii_wctomb
 .text._wctomb_r
                0x0000000008018cb8       0x30 /usr/lib/gcc/arm-none-eabi/4.9.3/../../../arm-none-eabi/lib/armv7e-m/libc.a(lib_a-wctomb_r.o)
                0x0000000008018cb8                _wctomb_r
                0x0000000008018ce8                . = ALIGN (0x4)

.glue_7         0x0000000008018ce8        0x0
 .glue_7        0x0000000008018ce8        0x0 linker stubs

.glue_7t        0x0000000008018ce8        0x0
 .glue_7t       0x0000000008018ce8        0x0 linker stubs

.vfp11_veneer   0x0000000008018ce8        0x0
 .vfp11_veneer  0x0000000008018ce8        0x0 linker stubs

.v4_bx          0x0000000008018ce8        0x0
 .v4_bx         0x0000000008018ce8        0x0 linker stubs

.iplt           0x0000000008018ce8        0x0
 .iplt          0x0000000008018ce8        0x0 ../Libraries/CMSIS/Device/ST/STM32F4xx/Source/Templates/gcc_ride7/startup_stm32f4xx.o

.rodata         0x0000000008018ce8      0x940
                0x0000000008018ce8                . = ALIGN (0x4)
 *(.rodata)
 .rodata        0x0000000008018ce8       0x18 build/date_str.o
                0x0000000008018ce8                time_str
                0x0000000008018cf4                date_str
 .rodata        0x0000000008018d00       0xd8 build/prm_variable.o
 .rodata        0x0000000008018dd8        0xf build/prm_interface.o
 *(.rodata*)
 *fill*         0x0000000008018de7        0x1 
 .rodata.str1.4
                0x0000000008018de8       0x1a build/syscall.o
 *fill*         0x0000000008018e02        0x2 
 .rodata.str1.4
                0x0000000008018e04       0x9a build/module_test.o
 *fill*         0x0000000008018e9e        0x2 
 .rodata.str1.4
                0x0000000008018ea0      0x342 build/prm_interface.o
                                        0x34a (size before relaxing)
 *fill*         0x00000000080191e2        0x2 
 .rodata.str1.4
                0x00000000080191e4        0x5 build/main.o
                                          0xa (size before relaxing)
 *fill*         0x00000000080191e9        0x3 
 .rodata.str1.4
                0x00000000080191ec        0x2 /usr/lib/gcc/arm-none-eabi/4.9.3/../../../arm-none-eabi/lib/armv7e-m/libc.a(lib_a-impure.o)
                                          0x4 (size before relaxing)
 *fill*         0x00000000080191ee        0x2 
 .rodata._global_impure_ptr
                0x00000000080191f0        0x4 /usr/lib/gcc/arm-none-eabi/4.9.3/../../../arm-none-eabi/lib/armv7e-m/libc.a(lib_a-impure.o)
                0x00000000080191f0                _global_impure_ptr
 .rodata.str1.4
                0x00000000080191f4        0x2 /usr/lib/gcc/arm-none-eabi/4.9.3/../../../arm-none-eabi/lib/armv7e-m/libc.a(lib_a-puts.o)
                                          0x4 (size before relaxing)
 *fill*         0x00000000080191f4        0x4 
 .rodata.tinytens
                0x00000000080191f8       0x28 /usr/lib/gcc/arm-none-eabi/4.9.3/../../../arm-none-eabi/lib/armv7e-m/libc.a(lib_a-strtod.o)
 .rodata.fpinan.5307
                0x0000000008019220       0x14 /usr/lib/gcc/arm-none-eabi/4.9.3/../../../arm-none-eabi/lib/armv7e-m/libc.a(lib_a-strtod.o)
 .rodata.str1.4
                0x0000000008019234        0xf /usr/lib/gcc/arm-none-eabi/4.9.3/../../../arm-none-eabi/lib/armv7e-m/libc.a(lib_a-strtod.o)
                                         0x10 (size before relaxing)
 *fill*         0x0000000008019243        0x1 
 .rodata.fpi.5271
                0x0000000008019244       0x14 /usr/lib/gcc/arm-none-eabi/4.9.3/../../../arm-none-eabi/lib/armv7e-m/libc.a(lib_a-strtod.o)
 .rodata.zeroes.6926
                0x0000000008019258       0x10 /usr/lib/gcc/arm-none-eabi/4.9.3/../../../arm-none-eabi/lib/armv7e-m/libc.a(lib_a-vfprintf.o)
 .rodata.str1.4
                0x0000000008019268       0x42 /usr/lib/gcc/arm-none-eabi/4.9.3/../../../arm-none-eabi/lib/armv7e-m/libc.a(lib_a-vfprintf.o)
                                         0x44 (size before relaxing)
 *fill*         0x00000000080192aa        0x2 
 .rodata.blanks.6925
                0x00000000080192ac       0x10 /usr/lib/gcc/arm-none-eabi/4.9.3/../../../arm-none-eabi/lib/armv7e-m/libc.a(lib_a-vfprintf.o)
 .rodata._ctype_
                0x00000000080192bc      0x104 /usr/lib/gcc/arm-none-eabi/4.9.3/../../../arm-none-eabi/lib/armv7e-m/libc.a(lib_a-ctype_.o)
                0x00000000080192bc                _ctype_
 .rodata.str1.4
                0x00000000080193c0       0x10 /usr/lib/gcc/arm-none-eabi/4.9.3/../../../arm-none-eabi/lib/armv7e-m/libc.a(lib_a-dtoa.o)
                                         0x14 (size before relaxing)
 .rodata.__hexdig
                0x00000000080193d0      0x100 /usr/lib/gcc/arm-none-eabi/4.9.3/../../../arm-none-eabi/lib/armv7e-m/libc.a(lib_a-gdtoa-gethex.o)
                0x00000000080193d0                __hexdig
 .rodata.str1.4
                0x00000000080194d0        0xc /usr/lib/gcc/arm-none-eabi/4.9.3/../../../arm-none-eabi/lib/armv7e-m/libc.a(lib_a-locale.o)
                                         0x14 (size before relaxing)
 *fill*         0x00000000080194dc        0x4 
 .rodata.__mprec_tens
                0x00000000080194e0       0xc8 /usr/lib/gcc/arm-none-eabi/4.9.3/../../../arm-none-eabi/lib/armv7e-m/libc.a(lib_a-mprec.o)
                0x00000000080194e0                __mprec_tens
 .rodata.p05.5302
                0x00000000080195a8        0xc /usr/lib/gcc/arm-none-eabi/4.9.3/../../../arm-none-eabi/lib/armv7e-m/libc.a(lib_a-mprec.o)
 *fill*         0x00000000080195b4        0x4 
 .rodata.__mprec_bigtens
                0x00000000080195b8       0x28 /usr/lib/gcc/arm-none-eabi/4.9.3/../../../arm-none-eabi/lib/armv7e-m/libc.a(lib_a-mprec.o)
                0x00000000080195b8                __mprec_bigtens
 .rodata.__mprec_tinytens
                0x00000000080195e0       0x28 /usr/lib/gcc/arm-none-eabi/4.9.3/../../../arm-none-eabi/lib/armv7e-m/libc.a(lib_a-mprec.o)
                0x00000000080195e0                __mprec_tinytens
 .rodata.zeroes.6869
                0x0000000008019608       0x10 /usr/lib/gcc/arm-none-eabi/4.9.3/../../../arm-none-eabi/lib/armv7e-m/libc.a(lib_a-vfiprintf.o)
 .rodata.str1.4
                0x0000000008019618       0x30 /usr/lib/gcc/arm-none-eabi/4.9.3/../../../arm-none-eabi/lib/armv7e-m/libc.a(lib_a-vfiprintf.o)
 .rodata.blanks.6868
                0x0000000008019618       0x10 /usr/lib/gcc/arm-none-eabi/4.9.3/../../../arm-none-eabi/lib/armv7e-m/libc.a(lib_a-vfiprintf.o)
                0x0000000008019648                . = ALIGN (0x4)
                0x0000000008019648                _FLASH_end = ABSOLUTE (.)

.eh_frame       0x0000000008019628       0x70
 .eh_frame      0x0000000008019628       0x70 /usr/lib/gcc/arm-none-eabi/4.9.3/../../../arm-none-eabi/lib/armv7e-m/libc.a(lib_a-strcmp.o)

.rel.dyn        0x0000000008019698        0x0
 .rel.iplt      0x0000000008019698        0x0 ../Libraries/CMSIS/Device/ST/STM32F4xx/Source/Templates/gcc_ride7/startup_stm32f4xx.o

.data           0x0000000020000000      0x8e8 load address 0x0000000008019698
                0x0000000020000000                . = ALIGN (0x4)
                0x0000000020000000                _sdata = ABSOLUTE (.)
 *(.data)
 .data          0x0000000020000000        0x0 ../Libraries/CMSIS/Device/ST/STM32F4xx/Source/Templates/gcc_ride7/startup_stm32f4xx.o
 .data          0x0000000020000000        0x0 build/config_clock_flash.o
 .data          0x0000000020000000        0x0 build/general.o
 .data          0x0000000020000000        0x0 build/config_time.o
 .data          0x0000000020000000        0x0 build/stm32f4xx_it.o
 .data          0x0000000020000000        0x0 build/config_PWM.o
 .data          0x0000000020000000        0x4 build/syscall.o
                0x0000000020000000                environ
 .data          0x0000000020000004        0x0 build/config_encoder.o
 .data          0x0000000020000004        0x0 build/date_str.o
 .data          0x0000000020000004        0x0 build/usart.o
 .data          0x0000000020000004        0x0 build/startup.o
 .data          0x0000000020000004        0x0 build/adc.o
 .data          0x0000000020000004        0x0 build/prm_variable.o
 .data          0x0000000020000004        0x0 build/module_test.o
 .data          0x0000000020000004        0x0 build/prm_interface.o
 .data          0x0000000020000004        0x0 build/main.o
 .data          0x0000000020000004       0x14 ../Libraries/libstm32.a(system_stm32f4xx.o)
                0x0000000020000004                AHBPrescTable
                0x0000000020000014                SystemCoreClock
 .data          0x0000000020000018        0x0 ../Libraries/libstm32.a(stm32f4xx_gpio.o)
 .data          0x0000000020000018        0x0 ../Libraries/libstm32.a(stm32f4xx_dma.o)
 .data          0x0000000020000018       0x10 ../Libraries/libstm32.a(stm32f4xx_rcc.o)
 .data          0x0000000020000028        0x0 ../Libraries/libstm32.a(stm32f4xx_flash.o)
 .data          0x0000000020000028        0x0 ../Libraries/libstm32.a(misc.o)
 .data          0x0000000020000028        0x0 ../Libraries/libstm32.a(stm32f4xx_usart.o)
 .data          0x0000000020000028        0x0 ../Libraries/libstm32.a(stm32f4xx_adc.o)
 .data          0x0000000020000028        0x0 ../Libraries/libstm32.a(stm32f4xx_tim.o)
 .data          0x0000000020000028        0x0 /usr/lib/gcc/arm-none-eabi/4.9.3/armv7e-m/libgcc.a(_arm_addsubdf3.o)
 .data          0x0000000020000028        0x0 /usr/lib/gcc/arm-none-eabi/4.9.3/armv7e-m/libgcc.a(_arm_truncdfsf2.o)
 .data          0x0000000020000028        0x0 /usr/lib/gcc/arm-none-eabi/4.9.3/armv7e-m/libgcc.a(_arm_addsubsf3.o)
 .data          0x0000000020000028        0x0 /usr/lib/gcc/arm-none-eabi/4.9.3/armv7e-m/libgcc.a(_aeabi_uldivmod.o)
 .data          0x0000000020000028        0x0 /usr/lib/gcc/arm-none-eabi/4.9.3/armv7e-m/libgcc.a(_fixunssfdi.o)
 .data          0x0000000020000028        0x0 /usr/lib/gcc/arm-none-eabi/4.9.3/armv7e-m/libgcc.a(bpabi.o)
 .data          0x0000000020000028        0x0 /usr/lib/gcc/arm-none-eabi/4.9.3/armv7e-m/libgcc.a(_dvmd_tls.o)
 .data          0x0000000020000028        0x0 /usr/lib/gcc/arm-none-eabi/4.9.3/armv7e-m/libgcc.a(_arm_muldivdf3.o)
 .data          0x0000000020000028        0x0 /usr/lib/gcc/arm-none-eabi/4.9.3/armv7e-m/libgcc.a(_arm_fixunsdfsi.o)
 .data          0x0000000020000028        0x0 /usr/lib/gcc/arm-none-eabi/4.9.3/armv7e-m/libgcc.a(_divdi3.o)
 .data          0x0000000020000028        0x0 /usr/lib/gcc/arm-none-eabi/4.9.3/armv7e-m/libgcc.a(_udivdi3.o)
 .data          0x0000000020000028        0x0 /usr/lib/gcc/arm-none-eabi/4.9.3/../../../arm-none-eabi/lib/armv7e-m/libc.a(lib_a-abort.o)
 .data          0x0000000020000028        0x0 /usr/lib/gcc/arm-none-eabi/4.9.3/../../../arm-none-eabi/lib/armv7e-m/libc.a(lib_a-atof.o)
 .data          0x0000000020000028        0x0 /usr/lib/gcc/arm-none-eabi/4.9.3/../../../arm-none-eabi/lib/armv7e-m/libc.a(lib_a-atoi.o)
 .data          0x0000000020000028        0x0 /usr/lib/gcc/arm-none-eabi/4.9.3/../../../arm-none-eabi/lib/armv7e-m/libc.a(lib_a-fflush.o)
 .data          0x0000000020000028        0x0 /usr/lib/gcc/arm-none-eabi/4.9.3/../../../arm-none-eabi/lib/armv7e-m/libc.a(lib_a-findfp.o)
 .data          0x0000000020000028        0x0 /usr/lib/gcc/arm-none-eabi/4.9.3/../../../arm-none-eabi/lib/armv7e-m/libc.a(lib_a-freer.o)
 .data          0x0000000020000028        0x0 /usr/lib/gcc/arm-none-eabi/4.9.3/../../../arm-none-eabi/lib/armv7e-m/libc.a(lib_a-fwalk.o)
 .data          0x0000000020000028        0x0 /usr/lib/gcc/arm-none-eabi/4.9.3/../../../arm-none-eabi/lib/armv7e-m/libc.a(lib_a-impure.o)
 .data          0x0000000020000028        0x0 /usr/lib/gcc/arm-none-eabi/4.9.3/../../../arm-none-eabi/lib/armv7e-m/libc.a(lib_a-mallocr.o)
 .data          0x0000000020000028        0x0 /usr/lib/gcc/arm-none-eabi/4.9.3/../../../arm-none-eabi/lib/armv7e-m/libc.a(lib_a-memset.o)
 .data          0x0000000020000028        0x0 /usr/lib/gcc/arm-none-eabi/4.9.3/../../../arm-none-eabi/lib/armv7e-m/libc.a(lib_a-mlock.o)
 .data          0x0000000020000028        0x0 /usr/lib/gcc/arm-none-eabi/4.9.3/../../../arm-none-eabi/lib/armv7e-m/libc.a(lib_a-printf.o)
 .data          0x0000000020000028        0x0 /usr/lib/gcc/arm-none-eabi/4.9.3/../../../arm-none-eabi/lib/armv7e-m/libc.a(lib_a-puts.o)
 .data          0x0000000020000028        0x0 /usr/lib/gcc/arm-none-eabi/4.9.3/../../../arm-none-eabi/lib/armv7e-m/libc.a(lib_a-reent.o)
 .data          0x0000000020000028        0x0 /usr/lib/gcc/arm-none-eabi/4.9.3/../../../arm-none-eabi/lib/armv7e-m/libc.a(lib_a-sbrkr.o)
 .data          0x0000000020000028        0x0 /usr/lib/gcc/arm-none-eabi/4.9.3/../../../arm-none-eabi/lib/armv7e-m/libc.a(lib_a-signal.o)
 .data          0x0000000020000028        0x0 /usr/lib/gcc/arm-none-eabi/4.9.3/../../../arm-none-eabi/lib/armv7e-m/libc.a(lib_a-signalr.o)
 .data          0x0000000020000028        0x0 /usr/lib/gcc/arm-none-eabi/4.9.3/../../../arm-none-eabi/lib/armv7e-m/libc.a(lib_a-stdio.o)
 .data          0x0000000020000028        0x0 /usr/lib/gcc/arm-none-eabi/4.9.3/../../../arm-none-eabi/lib/armv7e-m/libc.a(lib_a-strlen.o)
 .data          0x0000000020000028        0x0 /usr/lib/gcc/arm-none-eabi/4.9.3/../../../arm-none-eabi/lib/armv7e-m/libc.a(lib_a-strncmp.o)
 .data          0x0000000020000028        0x0 /usr/lib/gcc/arm-none-eabi/4.9.3/../../../arm-none-eabi/lib/armv7e-m/libc.a(lib_a-strncpy.o)
 .data          0x0000000020000028        0x0 /usr/lib/gcc/arm-none-eabi/4.9.3/../../../arm-none-eabi/lib/armv7e-m/libc.a(lib_a-strtod.o)
 .data          0x0000000020000028        0x0 /usr/lib/gcc/arm-none-eabi/4.9.3/../../../arm-none-eabi/lib/armv7e-m/libc.a(lib_a-strtol.o)
 .data          0x0000000020000028        0x0 /usr/lib/gcc/arm-none-eabi/4.9.3/../../../arm-none-eabi/lib/armv7e-m/libc.a(lib_a-syswrite.o)
 .data          0x0000000020000028        0x0 /usr/lib/gcc/arm-none-eabi/4.9.3/../../../arm-none-eabi/lib/armv7e-m/libc.a(lib_a-vfprintf.o)
 .data          0x0000000020000028        0x0 /usr/lib/gcc/arm-none-eabi/4.9.3/../../../arm-none-eabi/lib/armv7e-m/libc.a(lib_a-writer.o)
 .data          0x0000000020000028        0x0 /usr/lib/gcc/arm-none-eabi/4.9.3/../../../arm-none-eabi/lib/armv7e-m/libc.a(lib_a-wsetup.o)
 .data          0x0000000020000028        0x0 /usr/lib/gcc/arm-none-eabi/4.9.3/../../../arm-none-eabi/lib/armv7e-m/libc.a(lib_a-closer.o)
 .data          0x0000000020000028        0x0 /usr/lib/gcc/arm-none-eabi/4.9.3/../../../arm-none-eabi/lib/armv7e-m/libc.a(lib_a-ctype_.o)
 .data          0x0000000020000028        0x0 /usr/lib/gcc/arm-none-eabi/4.9.3/../../../arm-none-eabi/lib/armv7e-m/libc.a(lib_a-dtoa.o)
 .data          0x0000000020000028        0x0 /usr/lib/gcc/arm-none-eabi/4.9.3/../../../arm-none-eabi/lib/armv7e-m/libc.a(lib_a-fclose.o)
 .data          0x0000000020000028        0x0 /usr/lib/gcc/arm-none-eabi/4.9.3/../../../arm-none-eabi/lib/armv7e-m/libc.a(lib_a-fvwrite.o)
 .data          0x0000000020000028        0x0 /usr/lib/gcc/arm-none-eabi/4.9.3/../../../arm-none-eabi/lib/armv7e-m/libc.a(lib_a-gdtoa-gethex.o)
 .data          0x0000000020000028        0x0 /usr/lib/gcc/arm-none-eabi/4.9.3/../../../arm-none-eabi/lib/armv7e-m/libc.a(lib_a-gdtoa-hexnan.o)
 .data          0x0000000020000028        0x0 /usr/lib/gcc/arm-none-eabi/4.9.3/../../../arm-none-eabi/lib/armv7e-m/libc.a(lib_a-locale.o)
 .data          0x0000000020000028        0x0 /usr/lib/gcc/arm-none-eabi/4.9.3/../../../arm-none-eabi/lib/armv7e-m/libc.a(lib_a-lseekr.o)
 .data          0x0000000020000028        0x0 /usr/lib/gcc/arm-none-eabi/4.9.3/../../../arm-none-eabi/lib/armv7e-m/libc.a(lib_a-makebuf.o)
 .data          0x0000000020000028        0x0 /usr/lib/gcc/arm-none-eabi/4.9.3/../../../arm-none-eabi/lib/armv7e-m/libc.a(lib_a-memchr.o)
 .data          0x0000000020000028        0x0 /usr/lib/gcc/arm-none-eabi/4.9.3/../../../arm-none-eabi/lib/armv7e-m/libc.a(lib_a-memcpy.o)
 .data          0x0000000020000028        0x0 /usr/lib/gcc/arm-none-eabi/4.9.3/../../../arm-none-eabi/lib/armv7e-m/libc.a(lib_a-memmove.o)
 .data          0x0000000020000028        0x0 /usr/lib/gcc/arm-none-eabi/4.9.3/../../../arm-none-eabi/lib/armv7e-m/libc.a(lib_a-mprec.o)
 .data          0x0000000020000028        0x0 /usr/lib/gcc/arm-none-eabi/4.9.3/../../../arm-none-eabi/lib/armv7e-m/libc.a(lib_a-readr.o)
 .data          0x0000000020000028        0x0 /usr/lib/gcc/arm-none-eabi/4.9.3/../../../arm-none-eabi/lib/armv7e-m/libc.a(lib_a-reallocr.o)
 .data          0x0000000020000028        0x0 /usr/lib/gcc/arm-none-eabi/4.9.3/../../../arm-none-eabi/lib/armv7e-m/libc.a(lib_a-s_fpclassify.o)
 .data          0x0000000020000028        0x0 /usr/lib/gcc/arm-none-eabi/4.9.3/../../../arm-none-eabi/lib/armv7e-m/libc.a(lib_a-sf_nan.o)
 .data          0x0000000020000028        0x0 /usr/lib/gcc/arm-none-eabi/4.9.3/../../../arm-none-eabi/lib/armv7e-m/libc.a(lib_a-strcmp.o)
 .data          0x0000000020000028        0x0 /usr/lib/gcc/arm-none-eabi/4.9.3/../../../arm-none-eabi/lib/armv7e-m/libc.a(lib_a-vfiprintf.o)
 .data          0x0000000020000028        0x0 /usr/lib/gcc/arm-none-eabi/4.9.3/../../../arm-none-eabi/lib/armv7e-m/libc.a(lib_a-callocr.o)
 .data          0x0000000020000028        0x0 /usr/lib/gcc/arm-none-eabi/4.9.3/../../../arm-none-eabi/lib/armv7e-m/libc.a(lib_a-fputwc.o)
 .data          0x0000000020000028        0x0 /usr/lib/gcc/arm-none-eabi/4.9.3/../../../arm-none-eabi/lib/armv7e-m/libc.a(lib_a-fstatr.o)
 .data          0x0000000020000028        0x0 /usr/lib/gcc/arm-none-eabi/4.9.3/../../../arm-none-eabi/lib/armv7e-m/libc.a(lib_a-isattyr.o)
 .data          0x0000000020000028        0x0 /usr/lib/gcc/arm-none-eabi/4.9.3/../../../arm-none-eabi/lib/armv7e-m/libc.a(lib_a-wbuf.o)
 .data          0x0000000020000028        0x0 /usr/lib/gcc/arm-none-eabi/4.9.3/../../../arm-none-eabi/lib/armv7e-m/libc.a(lib_a-wcrtomb.o)
 .data          0x0000000020000028        0x0 /usr/lib/gcc/arm-none-eabi/4.9.3/../../../arm-none-eabi/lib/armv7e-m/libc.a(lib_a-wctomb_r.o)
 .data          0x0000000020000028        0x0 /usr/lib/gcc/arm-none-eabi/4.9.3/armv7e-m/libgcc.a(_arm_cmpdf2.o)
 .data          0x0000000020000028        0x0 /usr/lib/gcc/arm-none-eabi/4.9.3/armv7e-m/libgcc.a(_arm_fixdfsi.o)
 *(.data.*)
 .data.impure_data
                0x0000000020000028      0x428 /usr/lib/gcc/arm-none-eabi/4.9.3/../../../arm-none-eabi/lib/armv7e-m/libc.a(lib_a-impure.o)
 .data._impure_ptr
                0x0000000020000450        0x4 /usr/lib/gcc/arm-none-eabi/4.9.3/../../../arm-none-eabi/lib/armv7e-m/libc.a(lib_a-impure.o)
                0x0000000020000450                _impure_ptr
 .data.__malloc_av_
                0x0000000020000454      0x408 /usr/lib/gcc/arm-none-eabi/4.9.3/../../../arm-none-eabi/lib/armv7e-m/libc.a(lib_a-mallocr.o)
                0x0000000020000454                __malloc_av_
 .data.__malloc_trim_threshold
                0x000000002000085c        0x4 /usr/lib/gcc/arm-none-eabi/4.9.3/../../../arm-none-eabi/lib/armv7e-m/libc.a(lib_a-mallocr.o)
                0x000000002000085c                __malloc_trim_threshold
 .data.__malloc_sbrk_base
                0x0000000020000860        0x4 /usr/lib/gcc/arm-none-eabi/4.9.3/../../../arm-none-eabi/lib/armv7e-m/libc.a(lib_a-mallocr.o)